C:/Users/UL/Desktop/ST SPIN Portscape/Portscape_Nucleo_HallSensor/MCSDK_v5.4.8/MotorControl/MCSDK/MCLib/Any/Src/hall_speed_pos_fdbk.c:86:13:HALL_Init	16	static
C:/Users/UL/Desktop/ST SPIN Portscape/Portscape_Nucleo_HallSensor/MCSDK_v5.4.8/MotorControl/MCSDK/MCLib/Any/Src/hall_speed_pos_fdbk.c:190:13:HALL_Clear	8	static
C:/Users/UL/Desktop/ST SPIN Portscape/Portscape_Nucleo_HallSensor/MCSDK_v5.4.8/MotorControl/MCSDK/MCLib/Any/Src/hall_speed_pos_fdbk.c:253:16:HALL_CalcElAngle	0	static
C:/Users/UL/Desktop/ST SPIN Portscape/Portscape_Nucleo_HallSensor/MCSDK_v5.4.8/MotorControl/MCSDK/MCLib/Any/Src/hall_speed_pos_fdbk.c:291:13:HALL_CalcAvrgMecSpeedUnit	16	static
C:/Users/UL/Desktop/ST SPIN Portscape/Portscape_Nucleo_HallSensor/MCSDK_v5.4.8/MotorControl/MCSDK/MCLib/Any/Src/hall_speed_pos_fdbk.c:371:15:HALL_TIMx_CC_IRQHandler	16	static
C:/Users/UL/Desktop/ST SPIN Portscape/Portscape_Nucleo_HallSensor/MCSDK_v5.4.8/MotorControl/MCSDK/MCLib/Any/Src/hall_speed_pos_fdbk.c:712:15:HALL_TIMx_UP_IRQHandler	8	static
C:/Users/UL/Desktop/ST SPIN Portscape/Portscape_Nucleo_HallSensor/MCSDK_v5.4.8/MotorControl/MCSDK/MCLib/Any/Src/hall_speed_pos_fdbk.c:821:13:HALL_SetMecAngle	0	static
