C:/Users/UL/Desktop/ST SPIN Portscape/Portscape_Nucleo_HallSensor/MCSDK_v5.4.8/MotorControl/MCSDK/MCLib/F3xx/Src/r3_1_f30x_pwm_curr_fdbk.c:441:13:R3_1_GetPhaseCurrents	12	static
C:/Users/UL/Desktop/ST SPIN Portscape/Portscape_Nucleo_HallSensor/MCSDK_v5.4.8/MotorControl/MCSDK/MCLib/F3xx/Src/r3_1_f30x_pwm_curr_fdbk.c:607:10:R3_1_SetADCSampPointPolarization	8	static
C:/Users/UL/Desktop/ST SPIN Portscape/Portscape_Nucleo_HallSensor/MCSDK_v5.4.8/MotorControl/MCSDK/MCLib/F3xx/Src/r3_1_f30x_pwm_curr_fdbk.c:636:10:R3_1_SetADCSampPointSectX	12	static
C:/Users/UL/Desktop/ST SPIN Portscape/Portscape_Nucleo_HallSensor/MCSDK_v5.4.8/MotorControl/MCSDK/MCLib/F3xx/Src/r3_1_f30x_pwm_curr_fdbk.c:748:13:R3_1_HFCurrentsPolarizationAB	8	static
C:/Users/UL/Desktop/ST SPIN Portscape/Portscape_Nucleo_HallSensor/MCSDK_v5.4.8/MotorControl/MCSDK/MCLib/F3xx/Src/r3_1_f30x_pwm_curr_fdbk.c:786:13:R3_1_HFCurrentsPolarizationC	4	static
C:/Users/UL/Desktop/ST SPIN Portscape/Portscape_Nucleo_HallSensor/MCSDK_v5.4.8/MotorControl/MCSDK/MCLib/F3xx/Src/r3_1_f30x_pwm_curr_fdbk.c:820:13:R3_1_TurnOnLowSides	4	static
C:/Users/UL/Desktop/ST SPIN Portscape/Portscape_Nucleo_HallSensor/MCSDK_v5.4.8/MotorControl/MCSDK/MCLib/F3xx/Src/r3_1_f30x_pwm_curr_fdbk.c:864:13:R3_1_SwitchOnPWM	8	static
C:/Users/UL/Desktop/ST SPIN Portscape/Portscape_Nucleo_HallSensor/MCSDK_v5.4.8/MotorControl/MCSDK/MCLib/F3xx/Src/r3_1_f30x_pwm_curr_fdbk.c:921:13:R3_1_SwitchOffPWM	8	static
C:/Users/UL/Desktop/ST SPIN Portscape/Portscape_Nucleo_HallSensor/MCSDK_v5.4.8/MotorControl/MCSDK/MCLib/F3xx/Src/r3_1_f30x_pwm_curr_fdbk.c:1334:13:R3_1_RLGetPhaseCurrents	4	static
C:/Users/UL/Desktop/ST SPIN Portscape/Portscape_Nucleo_HallSensor/MCSDK_v5.4.8/MotorControl/MCSDK/MCLib/F3xx/Src/r3_1_f30x_pwm_curr_fdbk.c:1379:13:R3_1_RLTurnOnLowSides	4	static
C:/Users/UL/Desktop/ST SPIN Portscape/Portscape_Nucleo_HallSensor/MCSDK_v5.4.8/MotorControl/MCSDK/MCLib/F3xx/Src/r3_1_f30x_pwm_curr_fdbk.c:1421:13:R3_1_RLSwitchOnPWM	16	static
C:/Users/UL/Desktop/ST SPIN Portscape/Portscape_Nucleo_HallSensor/MCSDK_v5.4.8/MotorControl/MCSDK/MCLib/F3xx/Src/r3_1_f30x_pwm_curr_fdbk.c:82:13:R3_1_Init	40	static,ignoring_inline_asm
C:/Users/UL/Desktop/ST SPIN Portscape/Portscape_Nucleo_HallSensor/MCSDK_v5.4.8/MotorControl/MCSDK/MCLib/F3xx/Src/r3_1_f30x_pwm_curr_fdbk.c:327:6:R3_1_CurrentReadingPolarization	24	static
C:/Users/UL/Desktop/ST SPIN Portscape/Portscape_Nucleo_HallSensor/MCSDK_v5.4.8/MotorControl/MCSDK/MCLib/F3xx/Src/r3_1_f30x_pwm_curr_fdbk.c:977:15:R3_1_TIMx_UP_IRQHandler	4	static
C:/Users/UL/Desktop/ST SPIN Portscape/Portscape_Nucleo_HallSensor/MCSDK_v5.4.8/MotorControl/MCSDK/MCLib/F3xx/Src/r3_1_f30x_pwm_curr_fdbk.c:1005:15:R3_1_BRK2_IRQHandler	8	static
C:/Users/UL/Desktop/ST SPIN Portscape/Portscape_Nucleo_HallSensor/MCSDK_v5.4.8/MotorControl/MCSDK/MCLib/F3xx/Src/r3_1_f30x_pwm_curr_fdbk.c:1033:15:R3_1_BRK_IRQHandler	0	static
C:/Users/UL/Desktop/ST SPIN Portscape/Portscape_Nucleo_HallSensor/MCSDK_v5.4.8/MotorControl/MCSDK/MCLib/F3xx/Src/r3_1_f30x_pwm_curr_fdbk.c:1050:17:R3_1_IsOverCurrentOccurred	0	static
C:/Users/UL/Desktop/ST SPIN Portscape/Portscape_Nucleo_HallSensor/MCSDK_v5.4.8/MotorControl/MCSDK/MCLib/F3xx/Src/r3_1_f30x_pwm_curr_fdbk.c:1120:6:R3_1_RLDetectionModeEnable	8	static
C:/Users/UL/Desktop/ST SPIN Portscape/Portscape_Nucleo_HallSensor/MCSDK_v5.4.8/MotorControl/MCSDK/MCLib/F3xx/Src/r3_1_f30x_pwm_curr_fdbk.c:1176:6:R3_1_RLDetectionModeDisable	8	static
C:/Users/UL/Desktop/ST SPIN Portscape/Portscape_Nucleo_HallSensor/MCSDK_v5.4.8/MotorControl/MCSDK/MCLib/F3xx/Src/r3_1_f30x_pwm_curr_fdbk.c:1277:10:R3_1_RLDetectionModeSetDuty	0	static
C:/Users/UL/Desktop/ST SPIN Portscape/Portscape_Nucleo_HallSensor/MCSDK_v5.4.8/MotorControl/MCSDK/MCLib/F3xx/Src/r3_1_f30x_pwm_curr_fdbk.c:1501:6:RLTurnOnLowSidesAndStart	8	static
