C:/Users/UL/Desktop/ST SPIN Portscape/Portscape_Nucleo_HallSensor/MCSDK_v5.4.8/MotorControl/MCSDK/MCLib/Any/Src/r_divider_bus_voltage_sensor.c:65:13:RVBS_Clear	4	static
C:/Users/UL/Desktop/ST SPIN Portscape/Portscape_Nucleo_HallSensor/MCSDK_v5.4.8/MotorControl/MCSDK/MCLib/Any/Src/r_divider_bus_voltage_sensor.c:50:13:RVBS_Init	8	static
C:/Users/UL/Desktop/ST SPIN Portscape/Portscape_Nucleo_HallSensor/MCSDK_v5.4.8/MotorControl/MCSDK/MCLib/Any/Src/r_divider_bus_voltage_sensor.c:208:17:RVBS_CheckFaultState	0	static
C:/Users/UL/Desktop/ST SPIN Portscape/Portscape_Nucleo_HallSensor/MCSDK_v5.4.8/MotorControl/MCSDK/MCLib/Any/Src/r_divider_bus_voltage_sensor.c:126:17:RVBS_CalcAvVbusFilt	32	static
C:/Users/UL/Desktop/ST SPIN Portscape/Portscape_Nucleo_HallSensor/MCSDK_v5.4.8/MotorControl/MCSDK/MCLib/Any/Src/r_divider_bus_voltage_sensor.c:167:17:RVBS_CalcAvVbus	16	static
