C:/Users/UL/Desktop/ST SPIN Portscape/Portscape_Nucleo_HallSensor/Src/mc_tasks.c:113:6:Enable_BacktoHome	0	static
C:/Users/UL/Desktop/ST SPIN Portscape/Portscape_Nucleo_HallSensor/Src/mc_tasks.c:460:13:FOC_Clear	16	static
C:/Users/UL/Desktop/ST SPIN Portscape/Portscape_Nucleo_HallSensor/Src/mc_tasks.c:130:13:MCboot	64	static
C:/Users/UL/Desktop/ST SPIN Portscape/Portscape_Nucleo_HallSensor/Src/mc_tasks.c:496:13:FOC_InitAdditionalMethods	0	static
C:/Users/UL/Desktop/ST SPIN Portscape/Portscape_Nucleo_HallSensor/Src/mc_tasks.c:513:13:FOC_CalcCurrRef	8	static
C:/Users/UL/Desktop/ST SPIN Portscape/Portscape_Nucleo_HallSensor/Src/mc_tasks.c:536:13:TSK_SetChargeBootCapDelayM1	0	static
C:/Users/UL/Desktop/ST SPIN Portscape/Portscape_Nucleo_HallSensor/Src/mc_tasks.c:547:13:TSK_ChargeBootCapDelayHasElapsedM1	0	static
C:/Users/UL/Desktop/ST SPIN Portscape/Portscape_Nucleo_HallSensor/Src/mc_tasks.c:563:13:TSK_SetStopPermanencyTimeM1	0	static
C:/Users/UL/Desktop/ST SPIN Portscape/Portscape_Nucleo_HallSensor/Src/mc_tasks.c:574:13:TSK_StopPermanencyTimeHasElapsedM1	0	static
C:/Users/UL/Desktop/ST SPIN Portscape/Portscape_Nucleo_HallSensor/Src/mc_tasks.c:325:13:TSK_MediumFrequencyTaskM1	24	static
C:/Users/UL/Desktop/ST SPIN Portscape/Portscape_Nucleo_HallSensor/Src/mc_tasks.c:280:13:MC_Scheduler	16	static
C:/Users/UL/Desktop/ST SPIN Portscape/Portscape_Nucleo_HallSensor/Src/mc_tasks.c:599:16:TSK_HighFrequencyTask	48	static
C:/Users/UL/Desktop/ST SPIN Portscape/Portscape_Nucleo_HallSensor/Src/mc_tasks.c:711:13:TSK_SafetyTask_PWMOFF	24	static
C:/Users/UL/Desktop/ST SPIN Portscape/Portscape_Nucleo_HallSensor/Src/mc_tasks.c:689:13:TSK_SafetyTask	8	static
C:/Users/UL/Desktop/ST SPIN Portscape/Portscape_Nucleo_HallSensor/Src/mc_tasks.c:260:13:MC_RunMotorControlTasks	8	static
C:/Users/UL/Desktop/ST SPIN Portscape/Portscape_Nucleo_HallSensor/Src/mc_tasks.c:762:23:GetMCI	0	static
C:/Users/UL/Desktop/ST SPIN Portscape/Portscape_Nucleo_HallSensor/Src/mc_tasks.c:781:22:GetMCT	0	static
C:/Users/UL/Desktop/ST SPIN Portscape/Portscape_Nucleo_HallSensor/Src/mc_tasks.c:797:13:TSK_HardwareFaultTask	8	static
C:/Users/UL/Desktop/ST SPIN Portscape/Portscape_Nucleo_HallSensor/Src/mc_tasks.c:812:13:mc_lock_pins	80	static
