C:/Users/UL/Desktop/ST SPIN Portscape/Portscape_Nucleo_HallSensor/Src/stm32f3xx_hal_msp.c:65:6:HAL_MspInit	8	static
C:/Users/UL/Desktop/ST SPIN Portscape/Portscape_Nucleo_HallSensor/Src/stm32f3xx_hal_msp.c:89:6:HAL_ADC_MspInit	48	static
C:/Users/UL/Desktop/ST SPIN Portscape/Portscape_Nucleo_HallSensor/Src/stm32f3xx_hal_msp.c:132:6:HAL_ADC_MspDeInit	8	static
C:/Users/UL/Desktop/ST SPIN Portscape/Portscape_Nucleo_HallSensor/Src/stm32f3xx_hal_msp.c:168:6:HAL_DAC_MspInit	40	static
C:/Users/UL/Desktop/ST SPIN Portscape/Portscape_Nucleo_HallSensor/Src/stm32f3xx_hal_msp.c:201:6:HAL_DAC_MspDeInit	0	static
C:/Users/UL/Desktop/ST SPIN Portscape/Portscape_Nucleo_HallSensor/Src/stm32f3xx_hal_msp.c:229:6:HAL_TIM_Base_MspInit	56	static
C:/Users/UL/Desktop/ST SPIN Portscape/Portscape_Nucleo_HallSensor/Src/stm32f3xx_hal_msp.c:291:6:HAL_TIM_MspPostInit	40	static
C:/Users/UL/Desktop/ST SPIN Portscape/Portscape_Nucleo_HallSensor/Src/stm32f3xx_hal_msp.c:325:6:HAL_TIM_Base_MspDeInit	8	static
C:/Users/UL/Desktop/ST SPIN Portscape/Portscape_Nucleo_HallSensor/Src/stm32f3xx_hal_msp.c:382:6:HAL_UART_MspInit	40	static
C:/Users/UL/Desktop/ST SPIN Portscape/Portscape_Nucleo_HallSensor/Src/stm32f3xx_hal_msp.c:418:6:HAL_UART_MspDeInit	8	static
