C:/Users/UL/Desktop/ST SPIN Portscape/Portscape_Nucleo_HallSensor/Src/user_interface.c:61:13:UI_Init	0	static
C:/Users/UL/Desktop/ST SPIN Portscape/Portscape_Nucleo_HallSensor/Src/user_interface.c:76:13:UI_SelectMC	0	static
C:/Users/UL/Desktop/ST SPIN Portscape/Portscape_Nucleo_HallSensor/Src/user_interface.c:95:16:UI_GetSelectedMC	0	static
C:/Users/UL/Desktop/ST SPIN Portscape/Portscape_Nucleo_HallSensor/Src/user_interface.c:107:17:UI_GetSelectedMCConfig	0	static
C:/Users/UL/Desktop/ST SPIN Portscape/Portscape_Nucleo_HallSensor/Src/user_interface.c:120:13:UI_SetReg	24	static
C:/Users/UL/Desktop/ST SPIN Portscape/Portscape_Nucleo_HallSensor/Src/user_interface.c:635:13:UI_ExecCmd	8	static
C:/Users/UL/Desktop/ST SPIN Portscape/Portscape_Nucleo_HallSensor/Src/user_interface.c:747:13:UI_ExecSpeedRamp	8	static
C:/Users/UL/Desktop/ST SPIN Portscape/Portscape_Nucleo_HallSensor/Src/user_interface.c:764:13:UI_ExecTorqueRamp	8	static
C:/Users/UL/Desktop/ST SPIN Portscape/Portscape_Nucleo_HallSensor/Src/user_interface.c:790:13:UI_GetRevupData	24	static
C:/Users/UL/Desktop/ST SPIN Portscape/Portscape_Nucleo_HallSensor/Src/user_interface.c:821:13:UI_SetRevupData	24	static
C:/Users/UL/Desktop/ST SPIN Portscape/Portscape_Nucleo_HallSensor/Src/user_interface.c:842:13:UI_SetCurrentReferences	8	static
C:/Users/UL/Desktop/ST SPIN Portscape/Portscape_Nucleo_HallSensor/Src/user_interface.c:861:13:UI_GetMPInfo	0	static
C:/Users/UL/Desktop/ST SPIN Portscape/Portscape_Nucleo_HallSensor/Src/user_interface.c:871:13:UI_DACInit	0	static
C:/Users/UL/Desktop/ST SPIN Portscape/Portscape_Nucleo_HallSensor/Src/user_interface.c:884:6:UI_DACExec	0	static
C:/Users/UL/Desktop/ST SPIN Portscape/Portscape_Nucleo_HallSensor/Src/user_interface.c:902:6:UI_SetDAC	0	static
C:/Users/UL/Desktop/ST SPIN Portscape/Portscape_Nucleo_HallSensor/Src/user_interface.c:919:26:UI_GetDAC	0	static
C:/Users/UL/Desktop/ST SPIN Portscape/Portscape_Nucleo_HallSensor/Src/user_interface.c:240:16:UI_GetReg	64	static
C:/Users/UL/Desktop/ST SPIN Portscape/Portscape_Nucleo_HallSensor/Src/user_interface.c:936:13:UI_SetUserDAC	0	static
