Archive member included to satisfy reference by file (symbol)

../../MCSDK_v5.4.8/MotorControl/lib\libmc-gcc_M4_NoCCMRAM.lib(revup_ctrl.o)
                              ./Application/User/user_interface.o (RUC_SetPhaseDurationms)
c:/st/stm32cubeide_1.10.0/stm32cubeide/plugins/com.st.stm32cube.ide.mcu.externaltools.gnu-tools-for-stm32.10.3-2021.10.win32_1.0.0.202111181127/tools/bin/../lib/gcc/arm-none-eabi/10.3.1/../../../../arm-none-eabi/lib/thumb/v7e-m+fp/hard\libc_nano.a(lib_a-errno.o)
                              ./Application/User/syscalls.o (__errno)
c:/st/stm32cubeide_1.10.0/stm32cubeide/plugins/com.st.stm32cube.ide.mcu.externaltools.gnu-tools-for-stm32.10.3-2021.10.win32_1.0.0.202111181127/tools/bin/../lib/gcc/arm-none-eabi/10.3.1/../../../../arm-none-eabi/lib/thumb/v7e-m+fp/hard\libc_nano.a(lib_a-exit.o)
                              c:/st/stm32cubeide_1.10.0/stm32cubeide/plugins/com.st.stm32cube.ide.mcu.externaltools.gnu-tools-for-stm32.10.3-2021.10.win32_1.0.0.202111181127/tools/bin/../lib/gcc/arm-none-eabi/10.3.1/../../../../arm-none-eabi/lib/thumb/v7e-m+fp/hard/crt0.o (exit)
c:/st/stm32cubeide_1.10.0/stm32cubeide/plugins/com.st.stm32cube.ide.mcu.externaltools.gnu-tools-for-stm32.10.3-2021.10.win32_1.0.0.202111181127/tools/bin/../lib/gcc/arm-none-eabi/10.3.1/../../../../arm-none-eabi/lib/thumb/v7e-m+fp/hard\libc_nano.a(lib_a-impure.o)
                              c:/st/stm32cubeide_1.10.0/stm32cubeide/plugins/com.st.stm32cube.ide.mcu.externaltools.gnu-tools-for-stm32.10.3-2021.10.win32_1.0.0.202111181127/tools/bin/../lib/gcc/arm-none-eabi/10.3.1/../../../../arm-none-eabi/lib/thumb/v7e-m+fp/hard\libc_nano.a(lib_a-exit.o) (_global_impure_ptr)
c:/st/stm32cubeide_1.10.0/stm32cubeide/plugins/com.st.stm32cube.ide.mcu.externaltools.gnu-tools-for-stm32.10.3-2021.10.win32_1.0.0.202111181127/tools/bin/../lib/gcc/arm-none-eabi/10.3.1/../../../../arm-none-eabi/lib/thumb/v7e-m+fp/hard\libc_nano.a(lib_a-init.o)
                              c:/st/stm32cubeide_1.10.0/stm32cubeide/plugins/com.st.stm32cube.ide.mcu.externaltools.gnu-tools-for-stm32.10.3-2021.10.win32_1.0.0.202111181127/tools/bin/../lib/gcc/arm-none-eabi/10.3.1/../../../../arm-none-eabi/lib/thumb/v7e-m+fp/hard/crt0.o (__libc_init_array)
c:/st/stm32cubeide_1.10.0/stm32cubeide/plugins/com.st.stm32cube.ide.mcu.externaltools.gnu-tools-for-stm32.10.3-2021.10.win32_1.0.0.202111181127/tools/bin/../lib/gcc/arm-none-eabi/10.3.1/../../../../arm-none-eabi/lib/thumb/v7e-m+fp/hard\libc_nano.a(lib_a-memset.o)
                              c:/st/stm32cubeide_1.10.0/stm32cubeide/plugins/com.st.stm32cube.ide.mcu.externaltools.gnu-tools-for-stm32.10.3-2021.10.win32_1.0.0.202111181127/tools/bin/../lib/gcc/arm-none-eabi/10.3.1/../../../../arm-none-eabi/lib/thumb/v7e-m+fp/hard/crt0.o (memset)
c:/st/stm32cubeide_1.10.0/stm32cubeide/plugins/com.st.stm32cube.ide.mcu.externaltools.gnu-tools-for-stm32.10.3-2021.10.win32_1.0.0.202111181127/tools/bin/../lib/gcc/arm-none-eabi/10.3.1/../../../../arm-none-eabi/lib/thumb/v7e-m+fp/hard\libc_nano.a(lib_a-sprintf.o)
                              ./Application/User/main.o (sprintf)
c:/st/stm32cubeide_1.10.0/stm32cubeide/plugins/com.st.stm32cube.ide.mcu.externaltools.gnu-tools-for-stm32.10.3-2021.10.win32_1.0.0.202111181127/tools/bin/../lib/gcc/arm-none-eabi/10.3.1/../../../../arm-none-eabi/lib/thumb/v7e-m+fp/hard\libc_nano.a(lib_a-nano-svfprintf.o)
                              c:/st/stm32cubeide_1.10.0/stm32cubeide/plugins/com.st.stm32cube.ide.mcu.externaltools.gnu-tools-for-stm32.10.3-2021.10.win32_1.0.0.202111181127/tools/bin/../lib/gcc/arm-none-eabi/10.3.1/../../../../arm-none-eabi/lib/thumb/v7e-m+fp/hard\libc_nano.a(lib_a-sprintf.o) (_svfprintf_r)
c:/st/stm32cubeide_1.10.0/stm32cubeide/plugins/com.st.stm32cube.ide.mcu.externaltools.gnu-tools-for-stm32.10.3-2021.10.win32_1.0.0.202111181127/tools/bin/../lib/gcc/arm-none-eabi/10.3.1/../../../../arm-none-eabi/lib/thumb/v7e-m+fp/hard\libc_nano.a(lib_a-nano-vfprintf_i.o)
                              c:/st/stm32cubeide_1.10.0/stm32cubeide/plugins/com.st.stm32cube.ide.mcu.externaltools.gnu-tools-for-stm32.10.3-2021.10.win32_1.0.0.202111181127/tools/bin/../lib/gcc/arm-none-eabi/10.3.1/../../../../arm-none-eabi/lib/thumb/v7e-m+fp/hard\libc_nano.a(lib_a-nano-svfprintf.o) (_printf_i)
c:/st/stm32cubeide_1.10.0/stm32cubeide/plugins/com.st.stm32cube.ide.mcu.externaltools.gnu-tools-for-stm32.10.3-2021.10.win32_1.0.0.202111181127/tools/bin/../lib/gcc/arm-none-eabi/10.3.1/../../../../arm-none-eabi/lib/thumb/v7e-m+fp/hard\libc_nano.a(lib_a-memchr.o)
                              c:/st/stm32cubeide_1.10.0/stm32cubeide/plugins/com.st.stm32cube.ide.mcu.externaltools.gnu-tools-for-stm32.10.3-2021.10.win32_1.0.0.202111181127/tools/bin/../lib/gcc/arm-none-eabi/10.3.1/../../../../arm-none-eabi/lib/thumb/v7e-m+fp/hard\libc_nano.a(lib_a-nano-svfprintf.o) (memchr)
[...]
Memory Configuration

Name             Origin             Length             Attributes
RAM              0x0000000020000000 0x0000000000004000 xrw
FLASH            0x0000000008000000 0x0000000000010000 xr
*default*        0x0000000000000000 0xffffffffffffffff

Linker script and memory map

LOAD c:/st/stm32cubeide_1.10.0/stm32cubeide/plugins/com.st.stm32cube.ide.mcu.externaltools.gnu-tools-for-stm32.10.3-2021.10.win32_1.0.0.202111181127/tools/bin/../lib/gcc/arm-none-eabi/10.3.1/thumb/v7e-m+fp/hard/crti.o
LOAD c:/st/stm32cubeide_1.10.0/stm32cubeide/plugins/com.st.stm32cube.ide.mcu.externaltools.gnu-tools-for-stm32.10.3-2021.10.win32_1.0.0.202111181127/tools/bin/../lib/gcc/arm-none-eabi/10.3.1/thumb/v7e-m+fp/hard/crtbegin.o
LOAD c:/st/stm32cubeide_1.10.0/stm32cubeide/plugins/com.st.stm32cube.ide.mcu.externaltools.gnu-tools-for-stm32.10.3-2021.10.win32_1.0.0.202111181127/tools/bin/../lib/gcc/arm-none-eabi/10.3.1/../../../../arm-none-eabi/lib/thumb/v7e-m+fp/hard/crt0.o
LOAD ./Application/Startup/startup_stm32f302r8tx.o
LOAD ./Application/User/dac_ui.o
LOAD ./Application/User/main.o
LOAD ./Application/User/mc_api.o
LOAD ./Application/User/mc_config.o
LOAD ./Application/User/mc_interface.o
LOAD ./Application/User/mc_math.o
LOAD ./Application/User/mc_parameters.o
LOAD ./Application/User/mc_tasks.o
LOAD ./Application/User/motor_control_protocol.o
LOAD ./Application/User/motorcontrol.o
LOAD ./Application/User/regular_conversion_manager.o
LOAD ./Application/User/stm32f30x_mc_it.o
LOAD ./Application/User/stm32f3xx_hal_msp.o
LOAD ./Application/User/stm32f3xx_it.o
LOAD ./Application/User/syscalls.o
LOAD ./Application/User/sysmem.o
LOAD ./Application/User/ui_task.o
LOAD ./Application/User/user_interface.o
LOAD ./Drivers/CMSIS/system_stm32f3xx.o
LOAD ./Drivers/STM32F3xx_HAL_Driver/stm32f3xx_hal.o
LOAD ./Drivers/STM32F3xx_HAL_Driver/stm32f3xx_hal_adc.o
LOAD ./Drivers/STM32F3xx_HAL_Driver/stm32f3xx_hal_adc_ex.o
LOAD ./Drivers/STM32F3xx_HAL_Driver/stm32f3xx_hal_cortex.o
LOAD ./Drivers/STM32F3xx_HAL_Driver/stm32f3xx_hal_dac.o
LOAD ./Drivers/STM32F3xx_HAL_Driver/stm32f3xx_hal_dac_ex.o
LOAD ./Drivers/STM32F3xx_HAL_Driver/stm32f3xx_hal_dma.o
LOAD ./Drivers/STM32F3xx_HAL_Driver/stm32f3xx_hal_exti.o
LOAD ./Drivers/STM32F3xx_HAL_Driver/stm32f3xx_hal_flash.o
LOAD ./Drivers/STM32F3xx_HAL_Driver/stm32f3xx_hal_flash_ex.o
LOAD ./Drivers/STM32F3xx_HAL_Driver/stm32f3xx_hal_gpio.o
LOAD ./Drivers/STM32F3xx_HAL_Driver/stm32f3xx_hal_i2c.o
LOAD ./Drivers/STM32F3xx_HAL_Driver/stm32f3xx_hal_i2c_ex.o
LOAD ./Drivers/STM32F3xx_HAL_Driver/stm32f3xx_hal_pwr.o
LOAD ./Drivers/STM32F3xx_HAL_Driver/stm32f3xx_hal_pwr_ex.o
LOAD ./Drivers/STM32F3xx_HAL_Driver/stm32f3xx_hal_rcc.o
LOAD ./Drivers/STM32F3xx_HAL_Driver/stm32f3xx_hal_rcc_ex.o
LOAD ./Drivers/STM32F3xx_HAL_Driver/stm32f3xx_hal_tim.o
LOAD ./Drivers/STM32F3xx_HAL_Driver/stm32f3xx_hal_tim_ex.o
LOAD ./Drivers/STM32F3xx_HAL_Driver/stm32f3xx_hal_uart.o
LOAD ./Drivers/STM32F3xx_HAL_Driver/stm32f3xx_hal_uart_ex.o
LOAD ./Middlewares/MotorControl/bus_voltage_sensor.o
LOAD ./Middlewares/MotorControl/circle_limitation.o
LOAD ./Middlewares/MotorControl/dac_common_ui.o
LOAD ./Middlewares/MotorControl/digital_output.o
LOAD ./Middlewares/MotorControl/frame_communication_protocol.o
LOAD ./Middlewares/MotorControl/hall_speed_pos_fdbk.o
LOAD ./Middlewares/MotorControl/motor_power_measurement.o
LOAD ./Middlewares/MotorControl/ntc_temperature_sensor.o
LOAD ./Middlewares/MotorControl/open_loop.o
LOAD ./Middlewares/MotorControl/pid_regulator.o
LOAD ./Middlewares/MotorControl/pqd_motor_power_measurement.o
LOAD ./Middlewares/MotorControl/pwm_common.o
LOAD ./Middlewares/MotorControl/pwm_curr_fdbk.o
LOAD ./Middlewares/MotorControl/r3_1_f30x_pwm_curr_fdbk.o
LOAD ./Middlewares/MotorControl/r_divider_bus_voltage_sensor.o
LOAD ./Middlewares/MotorControl/ramp_ext_mngr.o
LOAD ./Middlewares/MotorControl/speed_pos_fdbk.o
LOAD ./Middlewares/MotorControl/speed_torq_ctrl.o
LOAD ./Middlewares/MotorControl/state_machine.o
LOAD ./Middlewares/MotorControl/ui_irq_handler.o
LOAD ./Middlewares/MotorControl/usart_frame_communication_protocol.o
LOAD ./Middlewares/MotorControl/virtual_speed_sensor.o
LOAD ../../MCSDK_v5.4.8/MotorControl/lib\libmc-gcc_M4_NoCCMRAM.lib
START GROUP
LOAD c:/st/stm32cubeide_1.10.0/stm32cubeide/plugins/com.st.stm32cube.ide.mcu.externaltools.gnu-tools-for-stm32.10.3-2021.10.win32_1.0.0.202111181127/tools/bin/../lib/gcc/arm-none-eabi/10.3.1/../../../../arm-none-eabi/lib/thumb/v7e-m+fp/hard\libc_nano.a
LOAD c:/st/stm32cubeide_1.10.0/stm32cubeide/plugins/com.st.stm32cube.ide.mcu.externaltools.gnu-tools-for-stm32.10.3-2021.10.win32_1.0.0.202111181127/tools/bin/../lib/gcc/arm-none-eabi/10.3.1/../../../../arm-none-eabi/lib/thumb/v7e-m+fp/hard\libm.a
END GROUP
START GROUP
LOAD c:/st/stm32cubeide_1.10.0/stm32cubeide/plugins/com.st.stm32cube.ide.mcu.externaltools.gnu-tools-for-stm32.10.3-2021.10.win32_1.0.0.202111181127/tools/bin/../lib/gcc/arm-none-eabi/10.3.1/thumb/v7e-m+fp/hard\libgcc.a
LOAD c:/st/stm32cubeide_1.10.0/stm32cubeide/plugins/com.st.stm32cube.ide.mcu.externaltools.gnu-tools-for-stm32.10.3-2021.10.win32_1.0.0.202111181127/tools/bin/../lib/gcc/arm-none-eabi/10.3.1/../../../../arm-none-eabi/lib/thumb/v7e-m+fp/hard\libc_nano.a
END GROUP
START GROUP
LOAD c:/st/stm32cubeide_1.10.0/stm32cubeide/plugins/com.st.stm32cube.ide.mcu.externaltools.gnu-tools-for-stm32.10.3-2021.10.win32_1.0.0.202111181127/tools/bin/../lib/gcc/arm-none-eabi/10.3.1/thumb/v7e-m+fp/hard\libgcc.a
LOAD c:/st/stm32cubeide_1.10.0/stm32cubeide/plugins/com.st.stm32cube.ide.mcu.externaltools.gnu-tools-for-stm32.10.3-2021.10.win32_1.0.0.202111181127/tools/bin/../lib/gcc/arm-none-eabi/10.3.1/../../../../arm-none-eabi/lib/thumb/v7e-m+fp/hard\libc_nano.a
LOAD c:/st/stm32cubeide_1.10.0/stm32cubeide/plugins/com.st.stm32cube.ide.mcu.externaltools.gnu-tools-for-stm32.10.3-2021.10.win32_1.0.0.202111181127/tools/bin/../lib/gcc/arm-none-eabi/10.3.1/../../../../arm-none-eabi/lib/thumb/v7e-m+fp/hard\libnosys.a
END GROUP
START GROUP
LOAD c:/st/stm32cubeide_1.10.0/stm32cubeide/plugins/com.st.stm32cube.ide.mcu.externaltools.gnu-tools-for-stm32.10.3-2021.10.win32_1.0.0.202111181127/tools/bin/../lib/gcc/arm-none-eabi/10.3.1/thumb/v7e-m+fp/hard\libgcc.a
LOAD c:/st/stm32cubeide_1.10.0/stm32cubeide/plugins/com.st.stm32cube.ide.mcu.externaltools.gnu-tools-for-stm32.10.3-2021.10.win32_1.0.0.202111181127/tools/bin/../lib/gcc/arm-none-eabi/10.3.1/../../../../arm-none-eabi/lib/thumb/v7e-m+fp/hard\libc_nano.a
LOAD c:/st/stm32cubeide_1.10.0/stm32cubeide/plugins/com.st.stm32cube.ide.mcu.externaltools.gnu-tools-for-stm32.10.3-2021.10.win32_1.0.0.202111181127/tools/bin/../lib/gcc/arm-none-eabi/10.3.1/../../../../arm-none-eabi/lib/thumb/v7e-m+fp/hard\libnosys.a
END GROUP
LOAD c:/st/stm32cubeide_1.10.0/stm32cubeide/plugins/com.st.stm32cube.ide.mcu.externaltools.gnu-tools-for-stm32.10.3-2021.10.win32_1.0.0.202111181127/tools/bin/../lib/gcc/arm-none-eabi/10.3.1/thumb/v7e-m+fp/hard/crtend.o
LOAD c:/st/stm32cubeide_1.10.0/stm32cubeide/plugins/com.st.stm32cube.ide.mcu.externaltools.gnu-tools-for-stm32.10.3-2021.10.win32_1.0.0.202111181127/tools/bin/../lib/gcc/arm-none-eabi/10.3.1/thumb/v7e-m+fp/hard/crtn.o
                0x0000000020004000                _estack = (ORIGIN (RAM) + LENGTH (RAM))
                0x0000000000000200                _Min_Heap_Size = 0x200
                0x0000000000000400                _Min_Stack_Size = 0x400

.isr_vector     0x0000000008000000      0x188
                0x0000000008000000                . = ALIGN (0x4)
 *(.isr_vector)
 .isr_vector    0x0000000008000000      0x188 ./Application/Startup/startup_stm32f302r8tx.o
                0x0000000008000000                g_pfnVectors
                0x0000000008000188                . = ALIGN (0x4)

.text           0x0000000008000190     0x8578
                0x0000000008000190                . = ALIGN (0x4)
 *(.text)
 .text          0x0000000008000190       0x40 c:/st/stm32cubeide_1.10.0/stm32cubeide/plugins/com.st.stm32cube.ide.mcu.externaltools.gnu-tools-for-stm32.10.3-2021.10.win32_1.0.0.202111181127/tools/bin/../lib/gcc/arm-none-eabi/10.3.1/thumb/v7e-m+fp/hard/crtbegin.o
 .text          0x00000000080001d0       0xa0 c:/st/stm32cubeide_1.10.0/stm32cubeide/plugins/com.st.stm32cube.ide.mcu.externaltools.gnu-tools-for-stm32.10.3-2021.10.win32_1.0.0.202111181127/tools/bin/../lib/gcc/arm-none-eabi/10.3.1/../../../../arm-none-eabi/lib/thumb/v7e-m+fp/hard\libc_nano.a(lib_a-memchr.o)
                0x00000000080001d0                memchr
 *(.text*)
 .text.Reset_Handler
                0x0000000008000270       0x50 ./Application/Startup/startup_stm32f302r8tx.o
                0x0000000008000270                Reset_Handler
 .text.Default_Handler
                0x00000000080002c0        0x2 ./Application/Startup/startup_stm32f302r8tx.o
                0x00000000080002c0                RTC_Alarm_IRQHandler
                0x00000000080002c0                DebugMon_Handler
                0x00000000080002c0                TIM1_CC_IRQHandler
                0x00000000080002c0                USB_HP_IRQHandler
                0x00000000080002c0                PVD_IRQHandler
                0x00000000080002c0                TAMP_STAMP_IRQHandler
                0x00000000080002c0                PendSV_Handler
                0x00000000080002c0                NMI_Handler
                0x00000000080002c0                EXTI3_IRQHandler
                0x00000000080002c0                I2C3_ER_IRQHandler
                0x00000000080002c0                USB_HP_CAN_TX_IRQHandler
                0x00000000080002c0                EXTI0_IRQHandler
                0x00000000080002c0                I2C2_EV_IRQHandler
                0x00000000080002c0                FPU_IRQHandler
                0x00000000080002c0                UsageFault_Handler
                0x00000000080002c0                CAN_SCE_IRQHandler
                0x00000000080002c0                TIM6_DAC_IRQHandler
                0x00000000080002c0                DMA1_Channel4_IRQHandler
                0x00000000080002c0                USART3_IRQHandler
                0x00000000080002c0                DMA1_Channel7_IRQHandler
                0x00000000080002c0                CAN_RX1_IRQHandler
                0x00000000080002c0                I2C1_EV_IRQHandler
                0x00000000080002c0                DMA1_Channel6_IRQHandler
                0x00000000080002c0                RCC_IRQHandler
                0x00000000080002c0                DMA1_Channel1_IRQHandler
                0x00000000080002c0                Default_Handler
                0x00000000080002c0                USBWakeUp_RMP_IRQHandler
                0x00000000080002c0                COMP2_IRQHandler
                0x00000000080002c0                I2C3_EV_IRQHandler
                0x00000000080002c0                EXTI9_5_IRQHandler
                0x00000000080002c0                RTC_WKUP_IRQHandler
                0x00000000080002c0                SPI2_IRQHandler
                0x00000000080002c0                USB_LP_CAN_RX0_IRQHandler
                0x00000000080002c0                MemManage_Handler
                0x00000000080002c0                SVC_Handler
                0x00000000080002c0                DMA1_Channel5_IRQHandler
                0x00000000080002c0                USB_LP_IRQHandler
                0x00000000080002c0                EXTI4_IRQHandler
                0x00000000080002c0                TIM1_TRG_COM_TIM17_IRQHandler
                0x00000000080002c0                DMA1_Channel3_IRQHandler
                0x00000000080002c0                WWDG_IRQHandler
                0x00000000080002c0                EXTI1_IRQHandler
                0x00000000080002c0                COMP4_6_IRQHandler
                0x00000000080002c0                I2C2_ER_IRQHandler
                0x00000000080002c0                DMA1_Channel2_IRQHandler
                0x00000000080002c0                FLASH_IRQHandler
                0x00000000080002c0                BusFault_Handler
                0x00000000080002c0                USART1_IRQHandler
                0x00000000080002c0                SPI3_IRQHandler
                0x00000000080002c0                I2C1_ER_IRQHandler
                0x00000000080002c0                USBWakeUp_IRQHandler
                0x00000000080002c0                EXTI2_TSC_IRQHandler
 *fill*         0x00000000080002c2        0x2 
 .text.DAC_Init
                0x00000000080002c4       0x10 ./Application/User/dac_ui.o
                0x00000000080002c4                DAC_Init
 .text.DAC_Exec
                0x00000000080002d4       0x4c ./Application/User/dac_ui.o
                0x00000000080002d4                DAC_Exec
 .text.Home_Null_Offset
                0x0000000008000320       0x28 ./Application/User/main.o
                0x0000000008000320                Home_Null_Offset
 .text.Mode_Home
                0x0000000008000348      0x2a8 ./Application/User/main.o
                0x0000000008000348                Mode_Home
 .text.Mode_Home3
                0x00000000080005f0      0x13c ./Application/User/main.o
                0x00000000080005f0                Mode_Home3
 .text.Home_Offset
                0x000000000800072c       0x14 ./Application/User/main.o
                0x000000000800072c                Home_Offset
 .text.SystemClock_Config
                0x0000000008000740       0x88 ./Application/User/main.o
                0x0000000008000740                SystemClock_Config
 .text.startup.main
                0x00000000080007c8      0x484 ./Application/User/main.o
                0x00000000080007c8                main
 .text.MC_StartMotor1
                0x0000000008000c4c        0xc ./Application/User/mc_api.o
                0x0000000008000c4c                MC_StartMotor1
 .text.MC_StopMotor1
                0x0000000008000c58        0xc ./Application/User/mc_api.o
                0x0000000008000c58                MC_StopMotor1
 .text.MC_GetSTMStateMotor1
                0x0000000008000c64        0xc ./Application/User/mc_api.o
                0x0000000008000c64                MC_GetSTMStateMotor1
 .text.MCI_Init
                0x0000000008000c70       0x1c ./Application/User/mc_interface.o
                0x0000000008000c70                MCI_Init
 .text.MCI_ExecSpeedRamp
                0x0000000008000c8c       0x14 ./Application/User/mc_interface.o
                0x0000000008000c8c                MCI_ExecSpeedRamp
 .text.MCI_ExecTorqueRamp
                0x0000000008000ca0       0x14 ./Application/User/mc_interface.o
                0x0000000008000ca0                MCI_ExecTorqueRamp
 .text.MCI_SetCurrentReferences
                0x0000000008000cb4       0x14 ./Application/User/mc_interface.o
                0x0000000008000cb4                MCI_SetCurrentReferences
 .text.MCI_StartMotor
                0x0000000008000cc8       0x14 ./Application/User/mc_interface.o
                0x0000000008000cc8                MCI_StartMotor
 .text.MCI_StopMotor
                0x0000000008000cdc        0x8 ./Application/User/mc_interface.o
                0x0000000008000cdc                MCI_StopMotor
 .text.MCI_FaultAcknowledged
                0x0000000008000ce4        0x8 ./Application/User/mc_interface.o
                0x0000000008000ce4                MCI_FaultAcknowledged
 .text.MCI_EncoderAlign
                0x0000000008000cec        0x8 ./Application/User/mc_interface.o
                0x0000000008000cec                MCI_EncoderAlign
 .text.MCI_ExecBufferedCommands
                0x0000000008000cf4       0x78 ./Application/User/mc_interface.o
                0x0000000008000cf4                MCI_ExecBufferedCommands
 .text.MCI_GetSTMState
                0x0000000008000d6c        0x8 ./Application/User/mc_interface.o
                0x0000000008000d6c                MCI_GetSTMState
 .text.MCI_GetControlMode
                0x0000000008000d74        0x4 ./Application/User/mc_interface.o
                0x0000000008000d74                MCI_GetControlMode
 .text.MCI_GetLastRampFinalSpeed
                0x0000000008000d78       0x10 ./Application/User/mc_interface.o
                0x0000000008000d78                MCI_GetLastRampFinalSpeed
 .text.MCI_StopRamp
                0x0000000008000d88        0x8 ./Application/User/mc_interface.o
                0x0000000008000d88                MCI_StopRamp
 .text.MCI_GetAvrgMecSpeedUnit
                0x0000000008000d90       0x10 ./Application/User/mc_interface.o
                0x0000000008000d90                MCI_GetAvrgMecSpeedUnit
 .text.MCI_GetMecSpeedRefUnit
                0x0000000008000da0        0x8 ./Application/User/mc_interface.o
                0x0000000008000da0                MCI_GetMecSpeedRefUnit
 .text.MCI_GetIab
                0x0000000008000da8       0x1c ./Application/User/mc_interface.o
                0x0000000008000da8                MCI_GetIab
 .text.MCI_GetIalphabeta
                0x0000000008000dc4       0x1c ./Application/User/mc_interface.o
                0x0000000008000dc4                MCI_GetIalphabeta
 .text.MCI_GetIqd
                0x0000000008000de0       0x1c ./Application/User/mc_interface.o
                0x0000000008000de0                MCI_GetIqd
 .text.MCI_GetIqdref
                0x0000000008000dfc       0x1c ./Application/User/mc_interface.o
                0x0000000008000dfc                MCI_GetIqdref
 .text.MCI_GetVqd
                0x0000000008000e18       0x1c ./Application/User/mc_interface.o
                0x0000000008000e18                MCI_GetVqd
 .text.MCI_GetValphabeta
                0x0000000008000e34       0x1c ./Application/User/mc_interface.o
                0x0000000008000e34                MCI_GetValphabeta
 .text.MCI_GetTeref
                0x0000000008000e50        0x8 ./Application/User/mc_interface.o
                0x0000000008000e50                MCI_GetTeref
 .text.MCI_SetIdref
                0x0000000008000e58       0x14 ./Application/User/mc_interface.o
                0x0000000008000e58                MCI_SetIdref
 .text.MCI_Clear_Iqdref
                0x0000000008000e6c       0x14 ./Application/User/mc_interface.o
                0x0000000008000e6c                MCI_Clear_Iqdref
 .text.MCI_Home_Osc
                0x0000000008000e80       0x10 ./Application/User/mc_interface.o
                0x0000000008000e80                MCI_Home_Osc
 .text.MCI_Home_Offset
                0x0000000008000e90       0x10 ./Application/User/mc_interface.o
                0x0000000008000e90                MCI_Home_Offset
 .text.MCI_Home_Null
                0x0000000008000ea0        0x4 ./Application/User/mc_interface.o
                0x0000000008000ea0                MCI_Home_Null
 .text.MCM_Clarke
                0x0000000008000ea4       0x54 ./Application/User/mc_math.o
                0x0000000008000ea4                MCM_Clarke
 .text.MCM_Trig_Functions
                0x0000000008000ef8       0x98 ./Application/User/mc_math.o
                0x0000000008000ef8                MCM_Trig_Functions
 .text.MCM_Park
                0x0000000008000f90       0x88 ./Application/User/mc_math.o
                0x0000000008000f90                MCM_Park
 .text.MCM_Rev_Park
                0x0000000008001018       0x40 ./Application/User/mc_math.o
                0x0000000008001018                MCM_Rev_Park
 .text.Enable_BacktoHome
                0x0000000008001058        0xc ./Application/User/mc_tasks.o
                0x0000000008001058                Enable_BacktoHome
 .text.FOC_Clear
                0x0000000008001064       0x74 ./Application/User/mc_tasks.o
                0x0000000008001064                FOC_Clear
 .text.MCboot   0x00000000080010d8      0x1e0 ./Application/User/mc_tasks.o
                0x00000000080010d8                MCboot
 .text.FOC_InitAdditionalMethods
                0x00000000080012b8        0x4 ./Application/User/mc_tasks.o
                0x00000000080012b8                FOC_InitAdditionalMethods
 .text.FOC_CalcCurrRef
                0x00000000080012bc       0x2c ./Application/User/mc_tasks.o
                0x00000000080012bc                FOC_CalcCurrRef
 .text.TSK_SetChargeBootCapDelayM1
                0x00000000080012e8        0xc ./Application/User/mc_tasks.o
                0x00000000080012e8                TSK_SetChargeBootCapDelayM1
 .text.TSK_ChargeBootCapDelayHasElapsedM1
                0x00000000080012f4       0x14 ./Application/User/mc_tasks.o
                0x00000000080012f4                TSK_ChargeBootCapDelayHasElapsedM1
 .text.TSK_SetStopPermanencyTimeM1
                0x0000000008001308        0xc ./Application/User/mc_tasks.o
                0x0000000008001308                TSK_SetStopPermanencyTimeM1
 .text.TSK_StopPermanencyTimeHasElapsedM1
                0x0000000008001314       0x14 ./Application/User/mc_tasks.o
                0x0000000008001314                TSK_StopPermanencyTimeHasElapsedM1
 .text.TSK_MediumFrequencyTaskM1
                0x0000000008001328      0x158 ./Application/User/mc_tasks.o
                0x0000000008001328                TSK_MediumFrequencyTaskM1
 .text.MC_Scheduler
                0x0000000008001480       0x58 ./Application/User/mc_tasks.o
                0x0000000008001480                MC_Scheduler
 .text.TSK_HighFrequencyTask
                0x00000000080014d8       0xe8 ./Application/User/mc_tasks.o
                0x00000000080014d8                TSK_HighFrequencyTask
 .text.TSK_SafetyTask_PWMOFF
                0x00000000080015c0       0x98 ./Application/User/mc_tasks.o
                0x00000000080015c0                TSK_SafetyTask_PWMOFF
 .text.TSK_SafetyTask
                0x0000000008001658       0x20 ./Application/User/mc_tasks.o
                0x0000000008001658                TSK_SafetyTask
 .text.MC_RunMotorControlTasks
                0x0000000008001678       0x20 ./Application/User/mc_tasks.o
                0x0000000008001678                MC_RunMotorControlTasks
 .text.TSK_HardwareFaultTask
                0x0000000008001698       0x20 ./Application/User/mc_tasks.o
                0x0000000008001698                TSK_HardwareFaultTask
 .text.mc_lock_pins
                0x00000000080016b8      0x120 ./Application/User/mc_tasks.o
                0x00000000080016b8                mc_lock_pins
 .text.MCP_ReceivedFrame
                0x00000000080017d8      0x77c ./Application/User/motor_control_protocol.o
                0x00000000080017d8                MCP_ReceivedFrame
 .text.MCP_WaitNextFrame
                0x0000000008001f54       0x1c ./Application/User/motor_control_protocol.o
                0x0000000008001f54                MCP_WaitNextFrame
 .text.MCP_Init
                0x0000000008001f70       0x48 ./Application/User/motor_control_protocol.o
                0x0000000008001f70                MCP_Init
 .text.MCP_OnTimeOut
                0x0000000008001fb8        0x8 ./Application/User/motor_control_protocol.o
                0x0000000008001fb8                MCP_OnTimeOut
 .text.MCP_SentFrame
                0x0000000008001fc0        0x8 ./Application/User/motor_control_protocol.o
                0x0000000008001fc0                MCP_SentFrame
 .text.MX_MotorControl_Init
                0x0000000008001fc8       0x4c ./Application/User/motorcontrol.o
                0x0000000008001fc8                MX_MotorControl_Init
 .text.RCM_RegisterRegConv
                0x0000000008002014      0x1e4 ./Application/User/regular_conversion_manager.o
                0x0000000008002014                RCM_RegisterRegConv
 .text.RCM_ExecRegularConv
                0x00000000080021f8       0x78 ./Application/User/regular_conversion_manager.o
                0x00000000080021f8                RCM_ExecRegularConv
 .text.RCM_ExecUserConv
                0x0000000008002270       0x50 ./Application/User/regular_conversion_manager.o
                0x0000000008002270                RCM_ExecUserConv
 .text.ADC1_IRQHandler
                0x00000000080022c0       0x18 ./Application/User/stm32f30x_mc_it.o
                0x00000000080022c0                ADC1_IRQHandler
 .text.TIM1_UP_TIM16_IRQHandler
                0x00000000080022d8       0x18 ./Application/User/stm32f30x_mc_it.o
                0x00000000080022d8                TIM1_UP_TIM16_IRQHandler
 .text.TIM1_BRK_TIM15_IRQHandler
                0x00000000080022f0       0x3c ./Application/User/stm32f30x_mc_it.o
                0x00000000080022f0                TIM1_BRK_TIM15_IRQHandler
 .text.TIM2_IRQHandler
                0x000000000800232c       0x38 ./Application/User/stm32f30x_mc_it.o
                0x000000000800232c                TIM2_IRQHandler
 .text.USART2_IRQHandler
                0x0000000008002364       0x68 ./Application/User/stm32f30x_mc_it.o
                0x0000000008002364                USART2_IRQHandler
 .text.HardFault_Handler
                0x00000000080023cc       0x6c ./Application/User/stm32f30x_mc_it.o
                0x00000000080023cc                HardFault_Handler
 .text.SysTick_Handler
                0x0000000008002438       0x30 ./Application/User/stm32f30x_mc_it.o
                0x0000000008002438                SysTick_Handler
 .text.EXTI15_10_IRQHandler
                0x0000000008002468       0x18 ./Application/User/stm32f30x_mc_it.o
                0x0000000008002468                EXTI15_10_IRQHandler
 .text.HAL_MspInit
                0x0000000008002480       0x34 ./Application/User/stm32f3xx_hal_msp.o
                0x0000000008002480                HAL_MspInit
 .text.HAL_ADC_MspInit
                0x00000000080024b4       0x88 ./Application/User/stm32f3xx_hal_msp.o
                0x00000000080024b4                HAL_ADC_MspInit
 *fill*         0x000000000800253c        0x4 
 .text.HAL_DAC_MspInit
                0x0000000008002540       0x74 ./Application/User/stm32f3xx_hal_msp.o
                0x0000000008002540                HAL_DAC_MspInit
 *fill*         0x00000000080025b4        0x4 
 .text.HAL_TIM_Base_MspInit
                0x00000000080025b8       0xf4 ./Application/User/stm32f3xx_hal_msp.o
                0x00000000080025b8                HAL_TIM_Base_MspInit
 *fill*         0x00000000080026ac        0x4 
 .text.HAL_TIM_MspPostInit
                0x00000000080026b0       0x74 ./Application/User/stm32f3xx_hal_msp.o
                0x00000000080026b0                HAL_TIM_MspPostInit
 *fill*         0x0000000008002724        0x4 
 .text.HAL_UART_MspInit
                0x0000000008002728       0x74 ./Application/User/stm32f3xx_hal_msp.o
                0x0000000008002728                HAL_UART_MspInit
 .text._sbrk    0x000000000800279c       0x44 ./Application/User/sysmem.o
                0x000000000800279c                _sbrk
 .text.UI_TaskInit
                0x00000000080027e0       0xe0 ./Application/User/ui_task.o
                0x00000000080027e0                UI_TaskInit
 .text.UI_Scheduler
                0x00000000080028c0       0x44 ./Application/User/ui_task.o
                0x00000000080028c0                UI_Scheduler
 .text.UI_DACUpdate
                0x0000000008002904       0x20 ./Application/User/ui_task.o
                0x0000000008002904                UI_DACUpdate
 .text.UI_SerialCommunicationTimeOutStop
                0x0000000008002924        0xc ./Application/User/ui_task.o
                0x0000000008002924                UI_SerialCommunicationTimeOutStop
 .text.UI_SerialCommunicationTimeOutStart
                0x0000000008002930        0xc ./Application/User/ui_task.o
                0x0000000008002930                UI_SerialCommunicationTimeOutStart
 .text.UI_HandleStartStopButton_cb
                0x000000000800293c       0x18 ./Application/User/ui_task.o
                0x000000000800293c                UI_HandleStartStopButton_cb
 .text.UI_Init  0x0000000008002954       0x14 ./Application/User/user_interface.o
                0x0000000008002954                UI_Init
 .text.UI_SelectMC
                0x0000000008002968       0x10 ./Application/User/user_interface.o
                0x0000000008002968                UI_SelectMC
 .text.UI_GetSelectedMC
                0x0000000008002978        0x8 ./Application/User/user_interface.o
                0x0000000008002978                UI_GetSelectedMC
 .text.UI_SetReg
                0x0000000008002980      0x184 ./Application/User/user_interface.o
                0x0000000008002980                UI_SetReg
 .text.UI_ExecCmd
                0x0000000008002b04       0x98 ./Application/User/user_interface.o
                0x0000000008002b04                UI_ExecCmd
 .text.UI_ExecSpeedRamp
                0x0000000008002b9c       0x24 ./Application/User/user_interface.o
                0x0000000008002b9c                UI_ExecSpeedRamp
 .text.UI_ExecTorqueRamp
                0x0000000008002bc0       0x14 ./Application/User/user_interface.o
                0x0000000008002bc0                UI_ExecTorqueRamp
 .text.UI_GetRevupData
                0x0000000008002bd4       0x3c ./Application/User/user_interface.o
                0x0000000008002bd4                UI_GetRevupData
 .text.UI_SetRevupData
                0x0000000008002c10       0x38 ./Application/User/user_interface.o
                0x0000000008002c10                UI_SetRevupData
 .text.UI_SetCurrentReferences
                0x0000000008002c48       0x1c ./Application/User/user_interface.o
                0x0000000008002c48                UI_SetCurrentReferences
 .text.UI_GetMPInfo
                0x0000000008002c64        0x4 ./Application/User/user_interface.o
                0x0000000008002c64                UI_GetMPInfo
 .text.UI_DACInit
                0x0000000008002c68        0x8 ./Application/User/user_interface.o
                0x0000000008002c68                UI_DACInit
 .text.UI_DACExec
                0x0000000008002c70        0x8 ./Application/User/user_interface.o
                0x0000000008002c70                UI_DACExec
 .text.UI_SetDAC
                0x0000000008002c78        0x8 ./Application/User/user_interface.o
                0x0000000008002c78                UI_SetDAC
 .text.UI_GetDAC
                0x0000000008002c80        0xc ./Application/User/user_interface.o
                0x0000000008002c80                UI_GetDAC
 .text.UI_GetReg
                0x0000000008002c8c      0x444 ./Application/User/user_interface.o
                0x0000000008002c8c                UI_GetReg
 .text.SystemInit
                0x00000000080030d0       0x14 ./Drivers/CMSIS/system_stm32f3xx.o
                0x00000000080030d0                SystemInit
 .text.HAL_InitTick
                0x00000000080030e4       0x48 ./Drivers/STM32F3xx_HAL_Driver/stm32f3xx_hal.o
                0x00000000080030e4                HAL_InitTick
 .text.HAL_Init
                0x000000000800312c       0x24 ./Drivers/STM32F3xx_HAL_Driver/stm32f3xx_hal.o
                0x000000000800312c                HAL_Init
 .text.HAL_IncTick
                0x0000000008003150       0x18 ./Drivers/STM32F3xx_HAL_Driver/stm32f3xx_hal.o
                0x0000000008003150                HAL_IncTick
 .text.HAL_GetTick
                0x0000000008003168        0xc ./Drivers/STM32F3xx_HAL_Driver/stm32f3xx_hal.o
                0x0000000008003168                HAL_GetTick
 .text.ADC_Disable
                0x0000000008003174       0x80 ./Drivers/STM32F3xx_HAL_Driver/stm32f3xx_hal_adc_ex.o
 .text.HAL_ADC_Init
                0x00000000080031f4      0x1e8 ./Drivers/STM32F3xx_HAL_Driver/stm32f3xx_hal_adc_ex.o
                0x00000000080031f4                HAL_ADC_Init
 .text.HAL_ADC_ConfigChannel
                0x00000000080033dc      0x330 ./Drivers/STM32F3xx_HAL_Driver/stm32f3xx_hal_adc_ex.o
                0x00000000080033dc                HAL_ADC_ConfigChannel
 .text.HAL_ADCEx_InjectedConfigChannel
                0x000000000800370c      0x3dc ./Drivers/STM32F3xx_HAL_Driver/stm32f3xx_hal_adc_ex.o
                0x000000000800370c                HAL_ADCEx_InjectedConfigChannel
 .text.HAL_NVIC_SetPriorityGrouping
                0x0000000008003ae8       0x24 ./Drivers/STM32F3xx_HAL_Driver/stm32f3xx_hal_cortex.o
                0x0000000008003ae8                HAL_NVIC_SetPriorityGrouping
 .text.HAL_NVIC_SetPriority
                0x0000000008003b0c       0x7c ./Drivers/STM32F3xx_HAL_Driver/stm32f3xx_hal_cortex.o
                0x0000000008003b0c                HAL_NVIC_SetPriority
 .text.HAL_NVIC_EnableIRQ
                0x0000000008003b88       0x1c ./Drivers/STM32F3xx_HAL_Driver/stm32f3xx_hal_cortex.o
                0x0000000008003b88                HAL_NVIC_EnableIRQ
 .text.HAL_SYSTICK_Config
                0x0000000008003ba4       0x34 ./Drivers/STM32F3xx_HAL_Driver/stm32f3xx_hal_cortex.o
                0x0000000008003ba4                HAL_SYSTICK_Config
 .text.HAL_SYSTICK_Callback
                0x0000000008003bd8        0x4 ./Drivers/STM32F3xx_HAL_Driver/stm32f3xx_hal_cortex.o
                0x0000000008003bd8                HAL_SYSTICK_Callback
 .text.HAL_SYSTICK_IRQHandler
                0x0000000008003bdc        0x8 ./Drivers/STM32F3xx_HAL_Driver/stm32f3xx_hal_cortex.o
                0x0000000008003bdc                HAL_SYSTICK_IRQHandler
 .text.HAL_DAC_Init
                0x0000000008003be4       0x2c ./Drivers/STM32F3xx_HAL_Driver/stm32f3xx_hal_dac.o
                0x0000000008003be4                HAL_DAC_Init
 .text.HAL_DAC_ConfigChannel
                0x0000000008003c10       0x48 ./Drivers/STM32F3xx_HAL_Driver/stm32f3xx_hal_dac_ex.o
                0x0000000008003c10                HAL_DAC_ConfigChannel
 .text.HAL_GPIO_Init
                0x0000000008003c58      0x1c8 ./Drivers/STM32F3xx_HAL_Driver/stm32f3xx_hal_gpio.o
                0x0000000008003c58                HAL_GPIO_Init
 .text.HAL_GPIO_WritePin
                0x0000000008003e20        0xc ./Drivers/STM32F3xx_HAL_Driver/stm32f3xx_hal_gpio.o
                0x0000000008003e20                HAL_GPIO_WritePin
 .text.HAL_RCC_OscConfig
                0x0000000008003e2c      0x5d0 ./Drivers/STM32F3xx_HAL_Driver/stm32f3xx_hal_rcc.o
                0x0000000008003e2c                HAL_RCC_OscConfig
 .text.HAL_RCC_ClockConfig
                0x00000000080043fc      0x1e8 ./Drivers/STM32F3xx_HAL_Driver/stm32f3xx_hal_rcc.o
                0x00000000080043fc                HAL_RCC_ClockConfig
 .text.HAL_RCC_GetSysClockFreq
                0x00000000080045e4       0x6c ./Drivers/STM32F3xx_HAL_Driver/stm32f3xx_hal_rcc.o
                0x00000000080045e4                HAL_RCC_GetSysClockFreq
 .text.HAL_RCC_GetHCLKFreq
                0x0000000008004650        0xc ./Drivers/STM32F3xx_HAL_Driver/stm32f3xx_hal_rcc.o
                0x0000000008004650                HAL_RCC_GetHCLKFreq
 .text.HAL_RCC_GetPCLK1Freq
                0x000000000800465c       0x30 ./Drivers/STM32F3xx_HAL_Driver/stm32f3xx_hal_rcc.o
                0x000000000800465c                HAL_RCC_GetPCLK1Freq
 .text.HAL_RCC_GetPCLK2Freq
                0x000000000800468c       0x30 ./Drivers/STM32F3xx_HAL_Driver/stm32f3xx_hal_rcc.o
                0x000000000800468c                HAL_RCC_GetPCLK2Freq
 .text.HAL_RCCEx_PeriphCLKConfig
                0x00000000080046bc      0x208 ./Drivers/STM32F3xx_HAL_Driver/stm32f3xx_hal_rcc_ex.o
                0x00000000080046bc                HAL_RCCEx_PeriphCLKConfig
 .text.TIM_OC1_SetConfig
                0x00000000080048c4       0x74 ./Drivers/STM32F3xx_HAL_Driver/stm32f3xx_hal_tim.o
 .text.TIM_OC3_SetConfig
                0x0000000008004938       0x7c ./Drivers/STM32F3xx_HAL_Driver/stm32f3xx_hal_tim.o
 .text.HAL_TIM_Base_Init
                0x00000000080049b4       0xf8 ./Drivers/STM32F3xx_HAL_Driver/stm32f3xx_hal_tim.o
                0x00000000080049b4                HAL_TIM_Base_Init
 .text.HAL_TIM_PWM_MspInit
                0x0000000008004aac        0x4 ./Drivers/STM32F3xx_HAL_Driver/stm32f3xx_hal_tim.o
                0x0000000008004aac                HAL_TIM_PWM_MspInit
 .text.HAL_TIM_PWM_Init
                0x0000000008004ab0       0xf8 ./Drivers/STM32F3xx_HAL_Driver/stm32f3xx_hal_tim.o
                0x0000000008004ab0                HAL_TIM_PWM_Init
 .text.HAL_TIM_PWM_Start
                0x0000000008004ba8      0x108 ./Drivers/STM32F3xx_HAL_Driver/stm32f3xx_hal_tim.o
                0x0000000008004ba8                HAL_TIM_PWM_Start
 .text.HAL_TIM_ConfigClockSource
                0x0000000008004cb0      0x160 ./Drivers/STM32F3xx_HAL_Driver/stm32f3xx_hal_tim.o
                0x0000000008004cb0                HAL_TIM_ConfigClockSource
 .text.HAL_TIM_SlaveConfigSynchro
                0x0000000008004e10      0x11c ./Drivers/STM32F3xx_HAL_Driver/stm32f3xx_hal_tim.o
                0x0000000008004e10                HAL_TIM_SlaveConfigSynchro
 .text.TIM_Base_SetConfig
                0x0000000008004f2c       0xac ./Drivers/STM32F3xx_HAL_Driver/stm32f3xx_hal_tim.o
                0x0000000008004f2c                TIM_Base_SetConfig
 .text.TIM_OC2_SetConfig
                0x0000000008004fd8       0x7c ./Drivers/STM32F3xx_HAL_Driver/stm32f3xx_hal_tim.o
                0x0000000008004fd8                TIM_OC2_SetConfig
 .text.HAL_TIM_PWM_ConfigChannel
                0x0000000008005054      0x250 ./Drivers/STM32F3xx_HAL_Driver/stm32f3xx_hal_tim.o
                0x0000000008005054                HAL_TIM_PWM_ConfigChannel
 .text.TIM_TI1_SetConfig
                0x00000000080052a4       0x50 ./Drivers/STM32F3xx_HAL_Driver/stm32f3xx_hal_tim.o
                0x00000000080052a4                TIM_TI1_SetConfig
 .text.HAL_TIMEx_HallSensor_MspInit
                0x00000000080052f4        0x4 ./Drivers/STM32F3xx_HAL_Driver/stm32f3xx_hal_tim_ex.o
                0x00000000080052f4                HAL_TIMEx_HallSensor_MspInit
 .text.HAL_TIMEx_HallSensor_Init
                0x00000000080052f8       0xcc ./Drivers/STM32F3xx_HAL_Driver/stm32f3xx_hal_tim_ex.o
                0x00000000080052f8                HAL_TIMEx_HallSensor_Init
 .text.HAL_TIMEx_MasterConfigSynchronization
                0x00000000080053c4       0x70 ./Drivers/STM32F3xx_HAL_Driver/stm32f3xx_hal_tim_ex.o
                0x00000000080053c4                HAL_TIMEx_MasterConfigSynchronization
 .text.HAL_TIMEx_ConfigBreakDeadTime
                0x0000000008005434       0x84 ./Drivers/STM32F3xx_HAL_Driver/stm32f3xx_hal_tim_ex.o
                0x0000000008005434                HAL_TIMEx_ConfigBreakDeadTime
 .text.UART_AdvFeatureConfig
                0x00000000080054b8       0xb0 ./Drivers/STM32F3xx_HAL_Driver/stm32f3xx_hal_uart.o
                0x00000000080054b8                UART_AdvFeatureConfig
 .text.UART_WaitOnFlagUntilTimeout
                0x0000000008005568       0xe8 ./Drivers/STM32F3xx_HAL_Driver/stm32f3xx_hal_uart.o
                0x0000000008005568                UART_WaitOnFlagUntilTimeout
 .text.HAL_UART_Transmit
                0x0000000008005650      0x17c ./Drivers/STM32F3xx_HAL_Driver/stm32f3xx_hal_uart.o
                0x0000000008005650                HAL_UART_Transmit
 .text.HAL_UART_Init
                0x00000000080057cc      0x25c ./Drivers/STM32F3xx_HAL_Driver/stm32f3xx_hal_uart.o
                0x00000000080057cc                HAL_UART_Init
 .text.VBS_GetAvBusVoltage_V
                0x0000000008005a28        0xc ./Middlewares/MotorControl/bus_voltage_sensor.o
                0x0000000008005a28                VBS_GetAvBusVoltage_V
 .text.Circle_Limitation
                0x0000000008005a34       0x60 ./Middlewares/MotorControl/circle_limitation.o
                0x0000000008005a34                Circle_Limitation
 .text.DAC_SetChannelConfig
                0x0000000008005a94        0x8 ./Middlewares/MotorControl/dac_common_ui.o
                0x0000000008005a94                DAC_SetChannelConfig
 .text.DAC_GetChannelConfig
                0x0000000008005a9c        0x8 ./Middlewares/MotorControl/dac_common_ui.o
                0x0000000008005a9c                DAC_GetChannelConfig
 .text.DAC_SetUserChannelValue
                0x0000000008005aa4        0x8 ./Middlewares/MotorControl/dac_common_ui.o
                0x0000000008005aa4                DAC_SetUserChannelValue
 .text.DAC_GetUserChannelValue
                0x0000000008005aac        0xc ./Middlewares/MotorControl/dac_common_ui.o
                0x0000000008005aac                DAC_GetUserChannelValue
 .text.FCP_Init
                0x0000000008005ab8       0x18 ./Middlewares/MotorControl/frame_communication_protocol.o
                0x0000000008005ab8                FCP_Init
 .text.FCP_SetClient
                0x0000000008005ad0       0x10 ./Middlewares/MotorControl/frame_communication_protocol.o
                0x0000000008005ad0                FCP_SetClient
 .text.FCP_CalcCRC
                0x0000000008005ae0       0x2c ./Middlewares/MotorControl/frame_communication_protocol.o
                0x0000000008005ae0                FCP_CalcCRC
 .text.HALL_Init
                0x0000000008005b0c      0x13c ./Middlewares/MotorControl/hall_speed_pos_fdbk.o
                0x0000000008005b0c                HALL_Init
 .text.HALL_Clear
                0x0000000008005c48      0x15c ./Middlewares/MotorControl/hall_speed_pos_fdbk.o
                0x0000000008005c48                HALL_Clear
 .text.HALL_CalcElAngle
                0x0000000008005da4       0x3c ./Middlewares/MotorControl/hall_speed_pos_fdbk.o
                0x0000000008005da4                HALL_CalcElAngle
 .text.HALL_CalcAvrgMecSpeedUnit
                0x0000000008005de0       0x94 ./Middlewares/MotorControl/hall_speed_pos_fdbk.o
                0x0000000008005de0                HALL_CalcAvrgMecSpeedUnit
 .text.HALL_TIMx_CC_IRQHandler
                0x0000000008005e74      0x414 ./Middlewares/MotorControl/hall_speed_pos_fdbk.o
                0x0000000008005e74                HALL_TIMx_CC_IRQHandler
 .text.HALL_TIMx_UP_IRQHandler
                0x0000000008006288      0x174 ./Middlewares/MotorControl/hall_speed_pos_fdbk.o
                0x0000000008006288                HALL_TIMx_UP_IRQHandler
 .text.MPM_Clear
                0x00000000080063fc       0x18 ./Middlewares/MotorControl/motor_power_measurement.o
                0x00000000080063fc                MPM_Clear
 .text.MPM_CalcElMotorPower
                0x0000000008006414       0x40 ./Middlewares/MotorControl/motor_power_measurement.o
                0x0000000008006414                MPM_CalcElMotorPower
 .text.MPM_GetAvrgElMotorPowerW
                0x0000000008006454        0x8 ./Middlewares/MotorControl/motor_power_measurement.o
                0x0000000008006454                MPM_GetAvrgElMotorPowerW
 .text.NTC_SetFaultState
                0x000000000800645c       0x1c ./Middlewares/MotorControl/ntc_temperature_sensor.o
                0x000000000800645c                NTC_SetFaultState
 .text.NTC_Clear
                0x0000000008006478        0x8 ./Middlewares/MotorControl/ntc_temperature_sensor.o
                0x0000000008006478                NTC_Clear
 .text.NTC_Init
                0x0000000008006480       0x24 ./Middlewares/MotorControl/ntc_temperature_sensor.o
                0x0000000008006480                NTC_Init
 .text.NTC_CalcAvTemp
                0x00000000080064a4       0x38 ./Middlewares/MotorControl/ntc_temperature_sensor.o
                0x00000000080064a4                NTC_CalcAvTemp
 .text.NTC_GetAvTemp_C
                0x00000000080064dc       0x2c ./Middlewares/MotorControl/ntc_temperature_sensor.o
                0x00000000080064dc                NTC_GetAvTemp_C
 .text.PID_HandleInit
                0x0000000008006508       0x10 ./Middlewares/MotorControl/pid_regulator.o
                0x0000000008006508                PID_HandleInit
 .text.PID_SetKP
                0x0000000008006518        0x4 ./Middlewares/MotorControl/pid_regulator.o
                0x0000000008006518                PID_SetKP
 .text.PID_SetKI
                0x000000000800651c        0x4 ./Middlewares/MotorControl/pid_regulator.o
                0x000000000800651c                PID_SetKI
 .text.PID_GetKP
                0x0000000008006520        0x8 ./Middlewares/MotorControl/pid_regulator.o
                0x0000000008006520                PID_GetKP
 .text.PID_GetKI
                0x0000000008006528        0x8 ./Middlewares/MotorControl/pid_regulator.o
                0x0000000008006528                PID_GetKI
 .text.PID_SetIntegralTerm
                0x0000000008006530        0x4 ./Middlewares/MotorControl/pid_regulator.o
                0x0000000008006530                PID_SetIntegralTerm
 .text.PID_GetKPDivisor
                0x0000000008006534        0x4 ./Middlewares/MotorControl/pid_regulator.o
                0x0000000008006534                PID_GetKPDivisor
 .text.PID_GetKIDivisor
                0x0000000008006538        0x4 ./Middlewares/MotorControl/pid_regulator.o
                0x0000000008006538                PID_GetKIDivisor
 .text.PID_SetKD
                0x000000000800653c        0x4 ./Middlewares/MotorControl/pid_regulator.o
                0x000000000800653c                PID_SetKD
 .text.PID_GetKD
                0x0000000008006540        0x8 ./Middlewares/MotorControl/pid_regulator.o
                0x0000000008006540                PID_GetKD
 .text.PI_Controller
                0x0000000008006548       0x8c ./Middlewares/MotorControl/pid_regulator.o
                0x0000000008006548                PI_Controller
 .text.PQD_CalcElMotorPower
                0x00000000080065d4       0x6c ./Middlewares/MotorControl/pqd_motor_power_measurement.o
                0x00000000080065d4                PQD_CalcElMotorPower
 .text.startTimers
                0x0000000008006640       0x64 ./Middlewares/MotorControl/pwm_common.o
                0x0000000008006640                startTimers
 .text.waitForPolarizationEnd
                0x00000000080066a4       0x50 ./Middlewares/MotorControl/pwm_common.o
                0x00000000080066a4                waitForPolarizationEnd
 .text.PWMC_GetPhaseCurrents
                0x00000000080066f4        0x4 ./Middlewares/MotorControl/pwm_curr_fdbk.o
                0x00000000080066f4                PWMC_GetPhaseCurrents
 .text.PWMC_SetPhaseVoltage
                0x00000000080066f8      0x26c ./Middlewares/MotorControl/pwm_curr_fdbk.o
                0x00000000080066f8                PWMC_SetPhaseVoltage
 .text.PWMC_SwitchOffPWM
                0x0000000008006964        0x4 ./Middlewares/MotorControl/pwm_curr_fdbk.o
                0x0000000008006964                PWMC_SwitchOffPWM
 .text.PWMC_CurrentReadingCalibr
                0x0000000008006968       0x54 ./Middlewares/MotorControl/pwm_curr_fdbk.o
                0x0000000008006968                PWMC_CurrentReadingCalibr
 .text.PWMC_CheckOverCurrent
                0x00000000080069bc        0x4 ./Middlewares/MotorControl/pwm_curr_fdbk.o
                0x00000000080069bc                PWMC_CheckOverCurrent
 .text.R3_1_GetPhaseCurrents
                0x00000000080069c0      0x174 ./Middlewares/MotorControl/r3_1_f30x_pwm_curr_fdbk.o
                0x00000000080069c0                R3_1_GetPhaseCurrents
 .text.R3_1_SetADCSampPointPolarization
                0x0000000008006b34       0x34 ./Middlewares/MotorControl/r3_1_f30x_pwm_curr_fdbk.o
                0x0000000008006b34                R3_1_SetADCSampPointPolarization
 .text.R3_1_SetADCSampPointSectX
                0x0000000008006b68       0x78 ./Middlewares/MotorControl/r3_1_f30x_pwm_curr_fdbk.o
                0x0000000008006b68                R3_1_SetADCSampPointSectX
 .text.R3_1_HFCurrentsPolarizationAB
                0x0000000008006be0       0x48 ./Middlewares/MotorControl/r3_1_f30x_pwm_curr_fdbk.o
 .text.R3_1_HFCurrentsPolarizationC
                0x0000000008006c28       0x40 ./Middlewares/MotorControl/r3_1_f30x_pwm_curr_fdbk.o
 .text.R3_1_TurnOnLowSides
                0x0000000008006c68       0x54 ./Middlewares/MotorControl/r3_1_f30x_pwm_curr_fdbk.o
                0x0000000008006c68                R3_1_TurnOnLowSides
 .text.R3_1_SwitchOnPWM
                0x0000000008006cbc       0x90 ./Middlewares/MotorControl/r3_1_f30x_pwm_curr_fdbk.o
                0x0000000008006cbc                R3_1_SwitchOnPWM
 .text.R3_1_SwitchOffPWM
                0x0000000008006d4c       0x70 ./Middlewares/MotorControl/r3_1_f30x_pwm_curr_fdbk.o
                0x0000000008006d4c                R3_1_SwitchOffPWM
 .text.R3_1_RLGetPhaseCurrents
                0x0000000008006dbc       0x54 ./Middlewares/MotorControl/r3_1_f30x_pwm_curr_fdbk.o
 .text.R3_1_RLTurnOnLowSides
                0x0000000008006e10       0x4c ./Middlewares/MotorControl/r3_1_f30x_pwm_curr_fdbk.o
 .text.R3_1_RLSwitchOnPWM
                0x0000000008006e5c       0xa8 ./Middlewares/MotorControl/r3_1_f30x_pwm_curr_fdbk.o
 .text.R3_1_Init
                0x0000000008006f04      0x304 ./Middlewares/MotorControl/r3_1_f30x_pwm_curr_fdbk.o
                0x0000000008006f04                R3_1_Init
 .text.R3_1_CurrentReadingPolarization
                0x0000000008007208      0x128 ./Middlewares/MotorControl/r3_1_f30x_pwm_curr_fdbk.o
                0x0000000008007208                R3_1_CurrentReadingPolarization
 .text.R3_1_TIMx_UP_IRQHandler
                0x0000000008007330       0x38 ./Middlewares/MotorControl/r3_1_f30x_pwm_curr_fdbk.o
                0x0000000008007330                R3_1_TIMx_UP_IRQHandler
 .text.R3_1_BRK2_IRQHandler
                0x0000000008007368       0x40 ./Middlewares/MotorControl/r3_1_f30x_pwm_curr_fdbk.o
                0x0000000008007368                R3_1_BRK2_IRQHandler
 .text.R3_1_BRK_IRQHandler
                0x00000000080073a8       0x1c ./Middlewares/MotorControl/r3_1_f30x_pwm_curr_fdbk.o
                0x00000000080073a8                R3_1_BRK_IRQHandler
 .text.R3_1_IsOverCurrentOccurred
                0x00000000080073c4       0x28 ./Middlewares/MotorControl/r3_1_f30x_pwm_curr_fdbk.o
                0x00000000080073c4                R3_1_IsOverCurrentOccurred
 .text.R3_1_RLDetectionModeEnable
                0x00000000080073ec       0xcc ./Middlewares/MotorControl/r3_1_f30x_pwm_curr_fdbk.o
                0x00000000080073ec                R3_1_RLDetectionModeEnable
 .text.R3_1_RLDetectionModeDisable
                0x00000000080074b8      0x148 ./Middlewares/MotorControl/r3_1_f30x_pwm_curr_fdbk.o
                0x00000000080074b8                R3_1_RLDetectionModeDisable
 .text.R3_1_RLDetectionModeSetDuty
                0x0000000008007600       0x38 ./Middlewares/MotorControl/r3_1_f30x_pwm_curr_fdbk.o
                0x0000000008007600                R3_1_RLDetectionModeSetDuty
 .text.RVBS_Clear
                0x0000000008007638       0x40 ./Middlewares/MotorControl/r_divider_bus_voltage_sensor.o
                0x0000000008007638                RVBS_Clear
 .text.RVBS_Init
                0x0000000008007678       0x18 ./Middlewares/MotorControl/r_divider_bus_voltage_sensor.o
                0x0000000008007678                RVBS_Init
 .text.RVBS_CheckFaultState
                0x0000000008007690       0x18 ./Middlewares/MotorControl/r_divider_bus_voltage_sensor.o
                0x0000000008007690                RVBS_CheckFaultState
 .text.RVBS_CalcAvVbusFilt
                0x00000000080076a8       0xc8 ./Middlewares/MotorControl/r_divider_bus_voltage_sensor.o
                0x00000000080076a8                RVBS_CalcAvVbusFilt
 .text.REMNG_Init
                0x0000000008007770       0x10 ./Middlewares/MotorControl/ramp_ext_mngr.o
                0x0000000008007770                REMNG_Init
 .text.SPD_GetElAngle
                0x0000000008007780        0x8 ./Middlewares/MotorControl/speed_pos_fdbk.o
                0x0000000008007780                SPD_GetElAngle
 .text.SPD_GetAvrgMecSpeedUnit
                0x0000000008007788        0x8 ./Middlewares/MotorControl/speed_pos_fdbk.o
                0x0000000008007788                SPD_GetAvrgMecSpeedUnit
 .text.SPD_GetInstElSpeedDpp
                0x0000000008007790        0x8 ./Middlewares/MotorControl/speed_pos_fdbk.o
                0x0000000008007790                SPD_GetInstElSpeedDpp
 .text.SPD_IsMecSpeedReliable
                0x0000000008007798       0x6c ./Middlewares/MotorControl/speed_pos_fdbk.o
                0x0000000008007798                SPD_IsMecSpeedReliable
 .text.SPD_GetS16Speed
                0x0000000008007804       0x14 ./Middlewares/MotorControl/speed_pos_fdbk.o
                0x0000000008007804                SPD_GetS16Speed
 .text.STC_Init
                0x0000000008007818       0x2c ./Middlewares/MotorControl/speed_torq_ctrl.o
                0x0000000008007818                STC_Init
 .text.STC_GetSpeedSensor
                0x0000000008007844        0x4 ./Middlewares/MotorControl/speed_torq_ctrl.o
                0x0000000008007844                STC_GetSpeedSensor
 .text.STC_Clear
                0x0000000008007848       0x10 ./Middlewares/MotorControl/speed_torq_ctrl.o
                0x0000000008007848                STC_Clear
 .text.STC_GetMecSpeedRefUnit
                0x0000000008007858       0x10 ./Middlewares/MotorControl/speed_torq_ctrl.o
                0x0000000008007858                STC_GetMecSpeedRefUnit
 .text.STC_GetTorqueRef
                0x0000000008007868       0x10 ./Middlewares/MotorControl/speed_torq_ctrl.o
                0x0000000008007868                STC_GetTorqueRef
 .text.STC_SetControlMode
                0x0000000008007878        0x8 ./Middlewares/MotorControl/speed_torq_ctrl.o
                0x0000000008007878                STC_SetControlMode
 .text.STC_ExecRamp
                0x0000000008007880       0x90 ./Middlewares/MotorControl/speed_torq_ctrl.o
                0x0000000008007880                STC_ExecRamp
 .text.STC_StopRamp
                0x0000000008007910        0x8 ./Middlewares/MotorControl/speed_torq_ctrl.o
                0x0000000008007910                STC_StopRamp
 .text.STC_CalcTorqueReference
                0x0000000008007918       0x64 ./Middlewares/MotorControl/speed_torq_ctrl.o
                0x0000000008007918                STC_CalcTorqueReference
 .text.STC_GetMecSpeedRefUnitDefault
                0x000000000800797c        0x8 ./Middlewares/MotorControl/speed_torq_ctrl.o
                0x000000000800797c                STC_GetMecSpeedRefUnitDefault
 .text.STC_GetMaxAppPositiveMecSpeedUnit
                0x0000000008007984        0x4 ./Middlewares/MotorControl/speed_torq_ctrl.o
                0x0000000008007984                STC_GetMaxAppPositiveMecSpeedUnit
 .text.STC_GetMinAppNegativeMecSpeedUnit
                0x0000000008007988        0x8 ./Middlewares/MotorControl/speed_torq_ctrl.o
                0x0000000008007988                STC_GetMinAppNegativeMecSpeedUnit
 .text.STC_GetDefaultIqdref
                0x0000000008007990       0x1c ./Middlewares/MotorControl/speed_torq_ctrl.o
                0x0000000008007990                STC_GetDefaultIqdref
 .text.STC_ForceSpeedReferenceToCurrentSpeed
                0x00000000080079ac       0x10 ./Middlewares/MotorControl/speed_torq_ctrl.o
                0x00000000080079ac                STC_ForceSpeedReferenceToCurrentSpeed
 .text.STM_Init
                0x00000000080079bc        0xc ./Middlewares/MotorControl/state_machine.o
                0x00000000080079bc                STM_Init
 .text.STM_FaultProcessing
                0x00000000080079c8       0x38 ./Middlewares/MotorControl/state_machine.o
                0x00000000080079c8                STM_FaultProcessing
 .text.STM_NextState
                0x0000000008007a00       0xe8 ./Middlewares/MotorControl/state_machine.o
                0x0000000008007a00                STM_NextState
 .text.STM_GetState
                0x0000000008007ae8        0x4 ./Middlewares/MotorControl/state_machine.o
                0x0000000008007ae8                STM_GetState
 .text.STM_FaultAcknowledged
                0x0000000008007aec       0x18 ./Middlewares/MotorControl/state_machine.o
                0x0000000008007aec                STM_FaultAcknowledged
 .text.STM_GetFaultState
                0x0000000008007b04        0xc ./Middlewares/MotorControl/state_machine.o
                0x0000000008007b04                STM_GetFaultState
 .text.UFCP_Init
                0x0000000008007b10        0x4 ./Middlewares/MotorControl/usart_frame_communication_protocol.o
                0x0000000008007b10                UFCP_Init
 .text.UFCP_TX_IRQ_Handler
                0x0000000008007b14       0x68 ./Middlewares/MotorControl/usart_frame_communication_protocol.o
                0x0000000008007b14                UFCP_TX_IRQ_Handler
 .text.UFCP_Receive
                0x0000000008007b7c       0x28 ./Middlewares/MotorControl/usart_frame_communication_protocol.o
                0x0000000008007b7c                UFCP_Receive
 .text.UFCP_Send
                0x0000000008007ba4       0xb8 ./Middlewares/MotorControl/usart_frame_communication_protocol.o
                0x0000000008007ba4                UFCP_Send
 .text.UFCP_RX_IRQ_Handler
                0x0000000008007c5c       0xd4 ./Middlewares/MotorControl/usart_frame_communication_protocol.o
                0x0000000008007c5c                UFCP_RX_IRQ_Handler
 .text.UFCP_OVR_IRQ_Handler
                0x0000000008007d30       0x20 ./Middlewares/MotorControl/usart_frame_communication_protocol.o
                0x0000000008007d30                UFCP_OVR_IRQ_Handler
 .text.UFCP_AbortReceive
                0x0000000008007d50        0x8 ./Middlewares/MotorControl/usart_frame_communication_protocol.o
                0x0000000008007d50                UFCP_AbortReceive
 .text.RUC_SetPhaseDurationms
                0x0000000008007d58        0xc ../../MCSDK_v5.4.8/MotorControl/lib\libmc-gcc_M4_NoCCMRAM.lib(revup_ctrl.o)
                0x0000000008007d58                RUC_SetPhaseDurationms
 .text.RUC_SetPhaseFinalMecSpeedUnit
                0x0000000008007d64        0xc ../../MCSDK_v5.4.8/MotorControl/lib\libmc-gcc_M4_NoCCMRAM.lib(revup_ctrl.o)
                0x0000000008007d64                RUC_SetPhaseFinalMecSpeedUnit
 .text.RUC_SetPhaseFinalTorque
                0x0000000008007d70        0xc ../../MCSDK_v5.4.8/MotorControl/lib\libmc-gcc_M4_NoCCMRAM.lib(revup_ctrl.o)
                0x0000000008007d70                RUC_SetPhaseFinalTorque
 .text.RUC_GetPhaseDurationms
                0x0000000008007d7c        0xc ../../MCSDK_v5.4.8/MotorControl/lib\libmc-gcc_M4_NoCCMRAM.lib(revup_ctrl.o)
                0x0000000008007d7c                RUC_GetPhaseDurationms
 .text.RUC_GetPhaseFinalMecSpeedUnit
                0x0000000008007d88       0x10 ../../MCSDK_v5.4.8/MotorControl/lib\libmc-gcc_M4_NoCCMRAM.lib(revup_ctrl.o)
                0x0000000008007d88                RUC_GetPhaseFinalMecSpeedUnit
 .text.RUC_GetPhaseFinalTorque
                0x0000000008007d98       0x10 ../../MCSDK_v5.4.8/MotorControl/lib\libmc-gcc_M4_NoCCMRAM.lib(revup_ctrl.o)
                0x0000000008007d98                RUC_GetPhaseFinalTorque
 .text.RUC_GetNumberOfPhases
                0x0000000008007da8        0x8 ../../MCSDK_v5.4.8/MotorControl/lib\libmc-gcc_M4_NoCCMRAM.lib(revup_ctrl.o)
                0x0000000008007da8                RUC_GetNumberOfPhases
 .text.__errno  0x0000000008007db0        0xc c:/st/stm32cubeide_1.10.0/stm32cubeide/plugins/com.st.stm32cube.ide.mcu.externaltools.gnu-tools-for-stm32.10.3-2021.10.win32_1.0.0.202111181127/tools/bin/../lib/gcc/arm-none-eabi/10.3.1/../../../../arm-none-eabi/lib/thumb/v7e-m+fp/hard\libc_nano.a(lib_a-errno.o)
                0x0000000008007db0                __errno
 .text.__libc_init_array
                0x0000000008007dbc       0x48 c:/st/stm32cubeide_1.10.0/stm32cubeide/plugins/com.st.stm32cube.ide.mcu.externaltools.gnu-tools-for-stm32.10.3-2021.10.win32_1.0.0.202111181127/tools/bin/../lib/gcc/arm-none-eabi/10.3.1/../../../../arm-none-eabi/lib/thumb/v7e-m+fp/hard\libc_nano.a(lib_a-init.o)
                0x0000000008007dbc                __libc_init_array
 .text.memset   0x0000000008007e04       0x10 c:/st/stm32cubeide_1.10.0/stm32cubeide/plugins/com.st.stm32cube.ide.mcu.externaltools.gnu-tools-for-stm32.10.3-2021.10.win32_1.0.0.202111181127/tools/bin/../lib/gcc/arm-none-eabi/10.3.1/../../../../arm-none-eabi/lib/thumb/v7e-m+fp/hard\libc_nano.a(lib_a-memset.o)
                0x0000000008007e04                memset
 .text.sprintf  0x0000000008007e14       0x40 c:/st/stm32cubeide_1.10.0/stm32cubeide/plugins/com.st.stm32cube.ide.mcu.externaltools.gnu-tools-for-stm32.10.3-2021.10.win32_1.0.0.202111181127/tools/bin/../lib/gcc/arm-none-eabi/10.3.1/../../../../arm-none-eabi/lib/thumb/v7e-m+fp/hard\libc_nano.a(lib_a-sprintf.o)
                0x0000000008007e14                siprintf
                0x0000000008007e14                sprintf
 .text.__ssputs_r
                0x0000000008007e54       0xb6 c:/st/stm32cubeide_1.10.0/stm32cubeide/plugins/com.st.stm32cube.ide.mcu.externaltools.gnu-tools-for-stm32.10.3-2021.10.win32_1.0.0.202111181127/tools/bin/../lib/gcc/arm-none-eabi/10.3.1/../../../../arm-none-eabi/lib/thumb/v7e-m+fp/hard\libc_nano.a(lib_a-nano-svfprintf.o)
                0x0000000008007e54                __ssputs_r
 *fill*         0x0000000008007f0a        0x2 
 .text._svfprintf_r
                0x0000000008007f0c      0x200 c:/st/stm32cubeide_1.10.0/stm32cubeide/plugins/com.st.stm32cube.ide.mcu.externaltools.gnu-tools-for-stm32.10.3-2021.10.win32_1.0.0.202111181127/tools/bin/../lib/gcc/arm-none-eabi/10.3.1/../../../../arm-none-eabi/lib/thumb/v7e-m+fp/hard\libc_nano.a(lib_a-nano-svfprintf.o)
                0x0000000008007f0c                _svfiprintf_r
                0x0000000008007f0c                _svfprintf_r
 .text._printf_common
                0x000000000800810c       0xda c:/st/stm32cubeide_1.10.0/stm32cubeide/plugins/com.st.stm32cube.ide.mcu.externaltools.gnu-tools-for-stm32.10.3-2021.10.win32_1.0.0.202111181127/tools/bin/../lib/gcc/arm-none-eabi/10.3.1/../../../../arm-none-eabi/lib/thumb/v7e-m+fp/hard\libc_nano.a(lib_a-nano-vfprintf_i.o)
                0x000000000800810c                _printf_common
 *fill*         0x00000000080081e6        0x2 
 .text._printf_i
                0x00000000080081e8      0x24c c:/st/stm32cubeide_1.10.0/stm32cubeide/plugins/com.st.stm32cube.ide.mcu.externaltools.gnu-tools-for-stm32.10.3-2021.10.win32_1.0.0.202111181127/tools/bin/../lib/gcc/arm-none-eabi/10.3.1/../../../../arm-none-eabi/lib/thumb/v7e-m+fp/hard\libc_nano.a(lib_a-nano-vfprintf_i.o)
                0x00000000080081e8                _printf_i
 .text.memcpy   0x0000000008008434       0x1c c:/st/stm32cubeide_1.10.0/stm32cubeide/plugins/com.st.stm32cube.ide.mcu.externaltools.gnu-tools-for-stm32.10.3-2021.10.win32_1.0.0.202111181127/tools/bin/../lib/gcc/arm-none-eabi/10.3.1/../../../../arm-none-eabi/lib/thumb/v7e-m+fp/hard\libc_nano.a(lib_a-memcpy-stub.o)
                0x0000000008008434                memcpy
 .text.memmove  0x0000000008008450       0x34 c:/st/stm32cubeide_1.10.0/stm32cubeide/plugins/com.st.stm32cube.ide.mcu.externaltools.gnu-tools-for-stm32.10.3-2021.10.win32_1.0.0.202111181127/tools/bin/../lib/gcc/arm-none-eabi/10.3.1/../../../../arm-none-eabi/lib/thumb/v7e-m+fp/hard\libc_nano.a(lib_a-memmove.o)
                0x0000000008008450                memmove
 .text._free_r  0x0000000008008484       0x98 c:/st/stm32cubeide_1.10.0/stm32cubeide/plugins/com.st.stm32cube.ide.mcu.externaltools.gnu-tools-for-stm32.10.3-2021.10.win32_1.0.0.202111181127/tools/bin/../lib/gcc/arm-none-eabi/10.3.1/../../../../arm-none-eabi/lib/thumb/v7e-m+fp/hard\libc_nano.a(lib_a-nano-freer.o)
                0x0000000008008484                _free_r
 .text.sbrk_aligned
                0x000000000800851c       0x40 c:/st/stm32cubeide_1.10.0/stm32cubeide/plugins/com.st.stm32cube.ide.mcu.externaltools.gnu-tools-for-stm32.10.3-2021.10.win32_1.0.0.202111181127/tools/bin/../lib/gcc/arm-none-eabi/10.3.1/../../../../arm-none-eabi/lib/thumb/v7e-m+fp/hard\libc_nano.a(lib_a-nano-mallocr.o)
 .text._malloc_r
                0x000000000800855c       0xe8 c:/st/stm32cubeide_1.10.0/stm32cubeide/plugins/com.st.stm32cube.ide.mcu.externaltools.gnu-tools-for-stm32.10.3-2021.10.win32_1.0.0.202111181127/tools/bin/../lib/gcc/arm-none-eabi/10.3.1/../../../../arm-none-eabi/lib/thumb/v7e-m+fp/hard\libc_nano.a(lib_a-nano-mallocr.o)
                0x000000000800855c                _malloc_r
 .text._realloc_r
                0x0000000008008644       0x5e c:/st/stm32cubeide_1.10.0/stm32cubeide/plugins/com.st.stm32cube.ide.mcu.externaltools.gnu-tools-for-stm32.10.3-2021.10.win32_1.0.0.202111181127/tools/bin/../lib/gcc/arm-none-eabi/10.3.1/../../../../arm-none-eabi/lib/thumb/v7e-m+fp/hard\libc_nano.a(lib_a-nano-reallocr.o)
                0x0000000008008644                _realloc_r
 *fill*         0x00000000080086a2        0x2 
 .text._sbrk_r  0x00000000080086a4       0x20 c:/st/stm32cubeide_1.10.0/stm32cubeide/plugins/com.st.stm32cube.ide.mcu.externaltools.gnu-tools-for-stm32.10.3-2021.10.win32_1.0.0.202111181127/tools/bin/../lib/gcc/arm-none-eabi/10.3.1/../../../../arm-none-eabi/lib/thumb/v7e-m+fp/hard\libc_nano.a(lib_a-sbrkr.o)
                0x00000000080086a4                _sbrk_r
 .text.__malloc_lock
                0x00000000080086c4        0xc c:/st/stm32cubeide_1.10.0/stm32cubeide/plugins/com.st.stm32cube.ide.mcu.externaltools.gnu-tools-for-stm32.10.3-2021.10.win32_1.0.0.202111181127/tools/bin/../lib/gcc/arm-none-eabi/10.3.1/../../../../arm-none-eabi/lib/thumb/v7e-m+fp/hard\libc_nano.a(lib_a-mlock.o)
                0x00000000080086c4                __malloc_lock
 .text.__malloc_unlock
                0x00000000080086d0        0xc c:/st/stm32cubeide_1.10.0/stm32cubeide/plugins/com.st.stm32cube.ide.mcu.externaltools.gnu-tools-for-stm32.10.3-2021.10.win32_1.0.0.202111181127/tools/bin/../lib/gcc/arm-none-eabi/10.3.1/../../../../arm-none-eabi/lib/thumb/v7e-m+fp/hard\libc_nano.a(lib_a-mlock.o)
                0x00000000080086d0                __malloc_unlock
 .text._malloc_usable_size_r
                0x00000000080086dc       0x10 c:/st/stm32cubeide_1.10.0/stm32cubeide/plugins/com.st.stm32cube.ide.mcu.externaltools.gnu-tools-for-stm32.10.3-2021.10.win32_1.0.0.202111181127/tools/bin/../lib/gcc/arm-none-eabi/10.3.1/../../../../arm-none-eabi/lib/thumb/v7e-m+fp/hard\libc_nano.a(lib_a-nano-msizer.o)
                0x00000000080086dc                _malloc_usable_size_r
 .text.__retarget_lock_acquire_recursive
                0x00000000080086ec        0x2 c:/st/stm32cubeide_1.10.0/stm32cubeide/plugins/com.st.stm32cube.ide.mcu.externaltools.gnu-tools-for-stm32.10.3-2021.10.win32_1.0.0.202111181127/tools/bin/../lib/gcc/arm-none-eabi/10.3.1/../../../../arm-none-eabi/lib/thumb/v7e-m+fp/hard\libc_nano.a(lib_a-lock.o)
                0x00000000080086ec                __retarget_lock_acquire_recursive
 .text.__retarget_lock_release_recursive
                0x00000000080086ee        0x2 c:/st/stm32cubeide_1.10.0/stm32cubeide/plugins/com.st.stm32cube.ide.mcu.externaltools.gnu-tools-for-stm32.10.3-2021.10.win32_1.0.0.202111181127/tools/bin/../lib/gcc/arm-none-eabi/10.3.1/../../../../arm-none-eabi/lib/thumb/v7e-m+fp/hard\libc_nano.a(lib_a-lock.o)
                0x00000000080086ee                __retarget_lock_release_recursive
 *(.glue_7)
 .glue_7        0x00000000080086f0        0x0 linker stubs
 *(.glue_7t)
 .glue_7t       0x00000000080086f0        0x0 linker stubs
 *(.eh_frame)
 .eh_frame      0x00000000080086f0        0x0 c:/st/stm32cubeide_1.10.0/stm32cubeide/plugins/com.st.stm32cube.ide.mcu.externaltools.gnu-tools-for-stm32.10.3-2021.10.win32_1.0.0.202111181127/tools/bin/../lib/gcc/arm-none-eabi/10.3.1/thumb/v7e-m+fp/hard/crtbegin.o
 *(.init)
 .init          0x00000000080086f0        0x4 c:/st/stm32cubeide_1.10.0/stm32cubeide/plugins/com.st.stm32cube.ide.mcu.externaltools.gnu-tools-for-stm32.10.3-2021.10.win32_1.0.0.202111181127/tools/bin/../lib/gcc/arm-none-eabi/10.3.1/thumb/v7e-m+fp/hard/crti.o
                0x00000000080086f0                _init
 .init          0x00000000080086f4        0x8 c:/st/stm32cubeide_1.10.0/stm32cubeide/plugins/com.st.stm32cube.ide.mcu.externaltools.gnu-tools-for-stm32.10.3-2021.10.win32_1.0.0.202111181127/tools/bin/../lib/gcc/arm-none-eabi/10.3.1/thumb/v7e-m+fp/hard/crtn.o
 *(.fini)
 .fini          0x00000000080086fc        0x4 c:/st/stm32cubeide_1.10.0/stm32cubeide/plugins/com.st.stm32cube.ide.mcu.externaltools.gnu-tools-for-stm32.10.3-2021.10.win32_1.0.0.202111181127/tools/bin/../lib/gcc/arm-none-eabi/10.3.1/thumb/v7e-m+fp/hard/crti.o
                0x00000000080086fc                _fini
 .fini          0x0000000008008700        0x8 c:/st/stm32cubeide_1.10.0/stm32cubeide/plugins/com.st.stm32cube.ide.mcu.externaltools.gnu-tools-for-stm32.10.3-2021.10.win32_1.0.0.202111181127/tools/bin/../lib/gcc/arm-none-eabi/10.3.1/thumb/v7e-m+fp/hard/crtn.o
                0x0000000008008708                . = ALIGN (0x4)
                0x0000000008008708                _etext = .

.vfp11_veneer   0x0000000008008708        0x0
 .vfp11_veneer  0x0000000008008708        0x0 linker stubs

.v4_bx          0x0000000008008708        0x0
 .v4_bx         0x0000000008008708        0x0 linker stubs

.iplt           0x0000000008008708        0x0
 .iplt          0x0000000008008708        0x0 c:/st/stm32cubeide_1.10.0/stm32cubeide/plugins/com.st.stm32cube.ide.mcu.externaltools.gnu-tools-for-stm32.10.3-2021.10.win32_1.0.0.202111181127/tools/bin/../lib/gcc/arm-none-eabi/10.3.1/thumb/v7e-m+fp/hard/crtbegin.o

.rodata         0x0000000008008708      0x3f0
                0x0000000008008708                . = ALIGN (0x4)
 *(.rodata)
 *(.rodata*)
 .rodata.Mode_Home.str1.4
                0x0000000008008708       0xc2 ./Application/User/main.o
 *fill*         0x00000000080087ca        0x2 
 .rodata.Mode_Home3.str1.4
                0x00000000080087cc        0xf ./Application/User/main.o
 *fill*         0x00000000080087db        0x1 
 .rodata.hSin_Cos_Table
                0x00000000080087dc      0x200 ./Application/User/mc_math.o
                0x00000000080087dc                hSin_Cos_Table
 .rodata.R3_1_ParamsM1
                0x00000000080089dc       0x84 ./Application/User/mc_parameters.o
                0x00000000080089dc                R3_1_ParamsM1
 .rodata.s_fwVer
                0x0000000008008a60       0x20 ./Application/User/motorcontrol.o
                0x0000000008008a60                s_fwVer
 .rodata.AHBPrescTable
                0x0000000008008a80       0x10 ./Drivers/CMSIS/system_stm32f3xx.o
                0x0000000008008a80                AHBPrescTable
 .rodata.APBPrescTable
                0x0000000008008a90        0x8 ./Drivers/CMSIS/system_stm32f3xx.o
                0x0000000008008a90                APBPrescTable
 .rodata.aPLLMULFactorTable
                0x0000000008008a98       0x10 ./Drivers/STM32F3xx_HAL_Driver/stm32f3xx_hal_rcc.o
                0x0000000008008a98                aPLLMULFactorTable
 .rodata.aPredivFactorTable
                0x0000000008008aa8       0x10 ./Drivers/STM32F3xx_HAL_Driver/stm32f3xx_hal_rcc.o
                0x0000000008008aa8                aPredivFactorTable
 .rodata.CSWTCH.53
                0x0000000008008ab8        0x3 ./Drivers/STM32F3xx_HAL_Driver/stm32f3xx_hal_uart.o
 *fill*         0x0000000008008abb        0x1 
 .rodata.UFCP_Usart_Timeout_none
                0x0000000008008abc        0x2 ./Middlewares/MotorControl/usart_frame_communication_protocol.o
 .rodata.UFCP_Usart_Timeout_start
                0x0000000008008abe        0x2 ./Middlewares/MotorControl/usart_frame_communication_protocol.o
 .rodata.UFCP_Usart_Timeout_stop
                0x0000000008008ac0        0x2 ./Middlewares/MotorControl/usart_frame_communication_protocol.o
 .rodata._svfprintf_r.str1.1
                0x0000000008008ac2       0x11 c:/st/stm32cubeide_1.10.0/stm32cubeide/plugins/com.st.stm32cube.ide.mcu.externaltools.gnu-tools-for-stm32.10.3-2021.10.win32_1.0.0.202111181127/tools/bin/../lib/gcc/arm-none-eabi/10.3.1/../../../../arm-none-eabi/lib/thumb/v7e-m+fp/hard\libc_nano.a(lib_a-nano-svfprintf.o)
 .rodata._printf_i.str1.1
                0x0000000008008ad3       0x22 c:/st/stm32cubeide_1.10.0/stm32cubeide/plugins/com.st.stm32cube.ide.mcu.externaltools.gnu-tools-for-stm32.10.3-2021.10.win32_1.0.0.202111181127/tools/bin/../lib/gcc/arm-none-eabi/10.3.1/../../../../arm-none-eabi/lib/thumb/v7e-m+fp/hard\libc_nano.a(lib_a-nano-vfprintf_i.o)
                0x0000000008008af8                . = ALIGN (0x4)
 *fill*         0x0000000008008af5        0x3 

.rel.dyn        0x0000000008008af8        0x0
 .rel.iplt      0x0000000008008af8        0x0 c:/st/stm32cubeide_1.10.0/stm32cubeide/plugins/com.st.stm32cube.ide.mcu.externaltools.gnu-tools-for-stm32.10.3-2021.10.win32_1.0.0.202111181127/tools/bin/../lib/gcc/arm-none-eabi/10.3.1/thumb/v7e-m+fp/hard/crtbegin.o

.ARM.extab      0x0000000008008af8        0x0
                0x0000000008008af8                . = ALIGN (0x4)
 *(.ARM.extab* .gnu.linkonce.armextab.*)
                0x0000000008008af8                . = ALIGN (0x4)

.ARM            0x0000000008008af8        0x0
                0x0000000008008af8                . = ALIGN (0x4)
                0x0000000008008af8                __exidx_start = .
 *(.ARM.exidx*)
                0x0000000008008af8                __exidx_end = .
                0x0000000008008af8                . = ALIGN (0x4)

.preinit_array  0x0000000008008af8        0x0
                0x0000000008008af8                . = ALIGN (0x4)
                0x0000000008008af8                PROVIDE (__preinit_array_start = .)
 *(.preinit_array*)
                0x0000000008008af8                PROVIDE (__preinit_array_end = .)
                0x0000000008008af8                . = ALIGN (0x4)

.init_array     0x0000000008008af8        0x4
                0x0000000008008af8                . = ALIGN (0x4)
                0x0000000008008af8                PROVIDE (__init_array_start = .)
 *(SORT_BY_NAME(.init_array.*))
 *(.init_array*)
 .init_array    0x0000000008008af8        0x4 c:/st/stm32cubeide_1.10.0/stm32cubeide/plugins/com.st.stm32cube.ide.mcu.externaltools.gnu-tools-for-stm32.10.3-2021.10.win32_1.0.0.202111181127/tools/bin/../lib/gcc/arm-none-eabi/10.3.1/thumb/v7e-m+fp/hard/crtbegin.o
                0x0000000008008afc                PROVIDE (__init_array_end = .)
                0x0000000008008afc                . = ALIGN (0x4)

.fini_array     0x0000000008008afc        0x4
                0x0000000008008afc                . = ALIGN (0x4)
                [!provide]                        PROVIDE (__fini_array_start = .)
 *(SORT_BY_NAME(.fini_array.*))
 *(.fini_array*)
 .fini_array    0x0000000008008afc        0x4 c:/st/stm32cubeide_1.10.0/stm32cubeide/plugins/com.st.stm32cube.ide.mcu.externaltools.gnu-tools-for-stm32.10.3-2021.10.win32_1.0.0.202111181127/tools/bin/../lib/gcc/arm-none-eabi/10.3.1/thumb/v7e-m+fp/hard/crtbegin.o
                [!provide]                        PROVIDE (__fini_array_end = .)
                0x0000000008008b00                . = ALIGN (0x4)
                0x0000000008008b00                _sidata = LOADADDR (.data)

.data           0x0000000020000000      0x64c load address 0x0000000008008b00
                0x0000000020000000                . = ALIGN (0x4)
                0x0000000020000000                _sdata = .
 *(.data)
 *(.data*)
 .data.pulse    0x0000000020000000        0x2 ./Application/User/main.o
                0x0000000020000000                pulse
 *fill*         0x0000000020000002        0x2 
 .data.CircleLimitationM1
                0x0000000020000004       0xb4 ./Application/User/mc_config.o
                0x0000000020000004                CircleLimitationM1
 .data.DAC_UI_Params
                0x00000000200000b8       0x3c ./Application/User/mc_config.o
                0x00000000200000b8                DAC_UI_Params
 .data.HALL_M1  0x00000000200000f4       0xc8 ./Application/User/mc_config.o
                0x00000000200000f4                HALL_M1
 .data.PIDIdHandle_M1
                0x00000000200001bc       0x2c ./Application/User/mc_config.o
                0x00000000200001bc                PIDIdHandle_M1
 .data.PIDIqHandle_M1
                0x00000000200001e8       0x2c ./Application/User/mc_config.o
                0x00000000200001e8                PIDIqHandle_M1
 .data.PIDSpeedHandle_M1
                0x0000000020000214       0x2c ./Application/User/mc_config.o
                0x0000000020000214                PIDSpeedHandle_M1
 .data.PQD_MotorPowMeasM1
                0x0000000020000240      0x114 ./Application/User/mc_config.o
                0x0000000020000240                PQD_MotorPowMeasM1
 .data.PWM_Handle_M1
                0x0000000020000354       0x78 ./Application/User/mc_config.o
                0x0000000020000354                PWM_Handle_M1
 .data.RampExtMngrHFParamsM1
                0x00000000200003cc       0x18 ./Application/User/mc_config.o
                0x00000000200003cc                RampExtMngrHFParamsM1
 .data.RealBusVoltageSensorParamsM1
                0x00000000200003e4       0x28 ./Application/User/mc_config.o
                0x00000000200003e4                RealBusVoltageSensorParamsM1
 .data.SpeednTorqCtrlM1
                0x000000002000040c       0x34 ./Application/User/mc_config.o
                0x000000002000040c                SpeednTorqCtrlM1
 .data.TempSensorParamsM1
                0x0000000020000440       0x28 ./Application/User/mc_config.o
                0x0000000020000440                TempSensorParamsM1
 .data.UI_Params
                0x0000000020000468       0x30 ./Application/User/mc_config.o
                0x0000000020000468                UI_Params
 .data.pUSART   0x0000000020000498      0x13c ./Application/User/mc_config.o
                0x0000000020000498                pUSART
 .data.wConfig  0x00000000200005d4        0x4 ./Application/User/motorcontrol.o
                0x00000000200005d4                wConfig
 .data.SystickDividerCounter.0
                0x00000000200005d8        0x1 ./Application/User/stm32f30x_mc_it.o
 *fill*         0x00000000200005d9        0x1 
 .data.bCOMATRTimeCounter
                0x00000000200005da        0x2 ./Application/User/ui_task.o
 .data.SystemCoreClock
                0x00000000200005dc        0x4 ./Drivers/CMSIS/system_stm32f3xx.o
                0x00000000200005dc                SystemCoreClock
 .data.uwTickFreq
                0x00000000200005e0        0x1 ./Drivers/STM32F3xx_HAL_Driver/stm32f3xx_hal.o
                0x00000000200005e0                uwTickFreq
 *fill*         0x00000000200005e1        0x3 
 .data.uwTickPrio
                0x00000000200005e4        0x4 ./Drivers/STM32F3xx_HAL_Driver/stm32f3xx_hal.o
                0x00000000200005e4                uwTickPrio
 .data._impure_ptr
                0x00000000200005e8        0x4 c:/st/stm32cubeide_1.10.0/stm32cubeide/plugins/com.st.stm32cube.ide.mcu.externaltools.gnu-tools-for-stm32.10.3-2021.10.win32_1.0.0.202111181127/tools/bin/../lib/gcc/arm-none-eabi/10.3.1/../../../../arm-none-eabi/lib/thumb/v7e-m+fp/hard\libc_nano.a(lib_a-impure.o)
                0x00000000200005e8                _impure_ptr
 .data.impure_data
                0x00000000200005ec       0x60 c:/st/stm32cubeide_1.10.0/stm32cubeide/plugins/com.st.stm32cube.ide.mcu.externaltools.gnu-tools-for-stm32.10.3-2021.10.win32_1.0.0.202111181127/tools/bin/../lib/gcc/arm-none-eabi/10.3.1/../../../../arm-none-eabi/lib/thumb/v7e-m+fp/hard\libc_nano.a(lib_a-impure.o)
 *(.RamFunc)
 *(.RamFunc*)
                0x000000002000064c                . = ALIGN (0x4)
                0x000000002000064c                _edata = .

.igot.plt       0x000000002000064c        0x0 load address 0x000000000800914c
 .igot.plt      0x000000002000064c        0x0 c:/st/stm32cubeide_1.10.0/stm32cubeide/plugins/com.st.stm32cube.ide.mcu.externaltools.gnu-tools-for-stm32.10.3-2021.10.win32_1.0.0.202111181127/tools/bin/../lib/gcc/arm-none-eabi/10.3.1/thumb/v7e-m+fp/hard/crtbegin.o
                0x000000002000064c                . = ALIGN (0x4)

.bss            0x0000000020000650      0x408 load address 0x000000000800914c
                0x0000000020000650                _sbss = .
                0x0000000020000650                __bss_start__ = _sbss
 *(.bss)
 .bss           0x0000000020000650       0x1c c:/st/stm32cubeide_1.10.0/stm32cubeide/plugins/com.st.stm32cube.ide.mcu.externaltools.gnu-tools-for-stm32.10.3-2021.10.win32_1.0.0.202111181127/tools/bin/../lib/gcc/arm-none-eabi/10.3.1/thumb/v7e-m+fp/hard/crtbegin.o
 *(.bss*)
 .bss.Null_Offset
                0x000000002000066c        0x2 ./Application/User/main.o
                0x000000002000066c                Null_Offset
 *fill*         0x000000002000066e        0x2 
 .bss.buffer    0x0000000020000670       0x50 ./Application/User/main.o
                0x0000000020000670                buffer
 .bss.hadc1     0x00000000200006c0       0x50 ./Application/User/main.o
                0x00000000200006c0                hadc1
 .bss.hdac      0x0000000020000710       0x14 ./Application/User/main.o
                0x0000000020000710                hdac
 .bss.htim1     0x0000000020000724       0x4c ./Application/User/main.o
                0x0000000020000724                htim1
 .bss.htim2     0x0000000020000770       0x4c ./Application/User/main.o
                0x0000000020000770                htim2
 .bss.huart2    0x00000000200007bc       0x84 ./Application/User/main.o
                0x00000000200007bc                huart2
 .bss.no_of_times
                0x0000000020000840        0x1 ./Application/User/main.o
                0x0000000020000840                no_of_times
 *fill*         0x0000000020000841        0x3 
 .bss.RealBusVoltageSensorFilterBufferM1
                0x0000000020000844        0xc ./Application/User/mc_config.o
                0x0000000020000844                RealBusVoltageSensorFilterBufferM1
 .bss.FOCVars   0x0000000020000850       0x26 ./Application/User/mc_tasks.o
                0x0000000020000850                FOCVars
 *fill*         0x0000000020000876        0x2 
 .bss.MCT       0x0000000020000878       0x54 ./Application/User/mc_tasks.o
                0x0000000020000878                MCT
 .bss.Mci       0x00000000200008cc       0x1c ./Application/User/mc_tasks.o
                0x00000000200008cc                Mci
 .bss.STM       0x00000000200008e8        0x6 ./Application/User/mc_tasks.o
                0x00000000200008e8                STM
 .bss.bMCBootCompleted
                0x00000000200008ee        0x1 ./Application/User/mc_tasks.o
                0x00000000200008ee                bMCBootCompleted
 *fill*         0x00000000200008ef        0x1 
 .bss.hBootCapDelayCounterM1
                0x00000000200008f0        0x2 ./Application/User/mc_tasks.o
 .bss.hMFTaskCounterM1
                0x00000000200008f2        0x2 ./Application/User/mc_tasks.o
 .bss.hStopPermanencyCounterM1
                0x00000000200008f4        0x2 ./Application/User/mc_tasks.o
 *fill*         0x00000000200008f6        0x2 
 .bss.oMCInterface
                0x00000000200008f8        0x4 ./Application/User/mc_tasks.o
                0x00000000200008f8                oMCInterface
 .bss.pBusSensorM1
                0x00000000200008fc        0x4 ./Application/User/mc_tasks.o
                0x00000000200008fc                pBusSensorM1
 .bss.pCLM      0x0000000020000900        0x4 ./Application/User/mc_tasks.o
                0x0000000020000900                pCLM
 .bss.pMPM      0x0000000020000904        0x4 ./Application/User/mc_tasks.o
                0x0000000020000904                pMPM
 .bss.pPIDId    0x0000000020000908        0x4 ./Application/User/mc_tasks.o
                0x0000000020000908                pPIDId
 .bss.pPIDIq    0x000000002000090c        0x4 ./Application/User/mc_tasks.o
                0x000000002000090c                pPIDIq
 .bss.pPIDSpeed
                0x0000000020000910        0x4 ./Application/User/mc_tasks.o
                0x0000000020000910                pPIDSpeed
 .bss.pREMNG    0x0000000020000914        0x4 ./Application/User/mc_tasks.o
                0x0000000020000914                pREMNG
 .bss.pSTC      0x0000000020000918        0x4 ./Application/User/mc_tasks.o
                0x0000000020000918                pSTC
 .bss.pTemperatureSensor
                0x000000002000091c        0x4 ./Application/User/mc_tasks.o
                0x000000002000091c                pTemperatureSensor
 .bss.pwmcHandle
                0x0000000020000920        0x4 ./Application/User/mc_tasks.o
                0x0000000020000920                pwmcHandle
 .bss.MPInfo    0x0000000020000924        0x8 ./Application/User/motor_control_protocol.o
                0x0000000020000924                MPInfo
 .bss.pMCI      0x000000002000092c        0x4 ./Application/User/motorcontrol.o
                0x000000002000092c                pMCI
 .bss.pMCT      0x0000000020000930        0x4 ./Application/User/motorcontrol.o
                0x0000000020000930                pMCT
 .bss.RCM_CB_array
                0x0000000020000934       0x20 ./Application/User/regular_conversion_manager.o
                0x0000000020000934                RCM_CB_array
 .bss.RCM_UserConvHandle
                0x0000000020000954        0x1 ./Application/User/regular_conversion_manager.o
                0x0000000020000954                RCM_UserConvHandle
 .bss.RCM_UserConvState
                0x0000000020000955        0x1 ./Application/User/regular_conversion_manager.o
                0x0000000020000955                RCM_UserConvState
 .bss.RCM_UserConvValue
                0x0000000020000956        0x2 ./Application/User/regular_conversion_manager.o
                0x0000000020000956                RCM_UserConvValue
 .bss.RCM_handle_array
                0x0000000020000958       0x10 ./Application/User/regular_conversion_manager.o
                0x0000000020000958                RCM_handle_array
 .bss.__sbrk_heap_end
                0x0000000020000968        0x4 ./Application/User/sysmem.o
 .bss.MCP_UI_Params
                0x000000002000096c       0xcc ./Application/User/ui_task.o
                0x000000002000096c                MCP_UI_Params
 .bss.bCOMTimeoutCounter
                0x0000000020000a38        0x2 ./Application/User/ui_task.o
 .bss.bUITaskCounter
                0x0000000020000a3a        0x2 ./Application/User/ui_task.o
 .bss.pDAC      0x0000000020000a3c        0x4 ./Application/User/ui_task.o
                0x0000000020000a3c                pDAC
 .bss.pMCP      0x0000000020000a40        0x4 ./Application/User/ui_task.o
                0x0000000020000a40                pMCP
 .bss.uwTick    0x0000000020000a44        0x4 ./Drivers/STM32F3xx_HAL_Driver/stm32f3xx_hal.o
                0x0000000020000a44                uwTick
 .bss.__malloc_free_list
                0x0000000020000a48        0x4 c:/st/stm32cubeide_1.10.0/stm32cubeide/plugins/com.st.stm32cube.ide.mcu.externaltools.gnu-tools-for-stm32.10.3-2021.10.win32_1.0.0.202111181127/tools/bin/../lib/gcc/arm-none-eabi/10.3.1/../../../../arm-none-eabi/lib/thumb/v7e-m+fp/hard\libc_nano.a(lib_a-nano-mallocr.o)
                0x0000000020000a48                __malloc_free_list
 .bss.__malloc_sbrk_start
                0x0000000020000a4c        0x4 c:/st/stm32cubeide_1.10.0/stm32cubeide/plugins/com.st.stm32cube.ide.mcu.externaltools.gnu-tools-for-stm32.10.3-2021.10.win32_1.0.0.202111181127/tools/bin/../lib/gcc/arm-none-eabi/10.3.1/../../../../arm-none-eabi/lib/thumb/v7e-m+fp/hard\libc_nano.a(lib_a-nano-mallocr.o)
                0x0000000020000a4c                __malloc_sbrk_start
 .bss.errno     0x0000000020000a50        0x4 c:/st/stm32cubeide_1.10.0/stm32cubeide/plugins/com.st.stm32cube.ide.mcu.externaltools.gnu-tools-for-stm32.10.3-2021.10.win32_1.0.0.202111181127/tools/bin/../lib/gcc/arm-none-eabi/10.3.1/../../../../arm-none-eabi/lib/thumb/v7e-m+fp/hard\libc_nano.a(lib_a-reent.o)
                0x0000000020000a50                errno
 .bss.__lock___malloc_recursive_mutex
                0x0000000020000a54        0x1 c:/st/stm32cubeide_1.10.0/stm32cubeide/plugins/com.st.stm32cube.ide.mcu.externaltools.gnu-tools-for-stm32.10.3-2021.10.win32_1.0.0.202111181127/tools/bin/../lib/gcc/arm-none-eabi/10.3.1/../../../../arm-none-eabi/lib/thumb/v7e-m+fp/hard\libc_nano.a(lib_a-lock.o)
                0x0000000020000a54                __lock___malloc_recursive_mutex
 *(COMMON)
                0x0000000020000a58                . = ALIGN (0x4)
 *fill*         0x0000000020000a55        0x3 
                0x0000000020000a58                _ebss = .
                0x0000000020000a58                __bss_end__ = _ebss

._user_heap_stack
                0x0000000020000a58      0x600 load address 0x000000000800914c
                0x0000000020000a58                . = ALIGN (0x8)
                [!provide]                        PROVIDE (end = .)
                0x0000000020000a58                PROVIDE (_end = .)
                0x0000000020000c58                . = (. + _Min_Heap_Size)
 *fill*         0x0000000020000a58      0x200 
                0x0000000020001058                . = (. + _Min_Stack_Size)
 *fill*         0x0000000020000c58      0x400 
                0x0000000020001058                . = ALIGN (0x8)

/DISCARD/
 libc.a(*)
 libm.a(*)
 libgcc.a(*)

.ARM.attributes
                0x0000000000000000       0x30
 *(.ARM.attributes)
 .ARM.attributes
                0x0000000000000000       0x1e c:/st/stm32cubeide_1.10.0/stm32cubeide/plugins/com.st.stm32cube.ide.mcu.externaltools.gnu-tools-for-stm32.10.3-2021.10.win32_1.0.0.202111181127/tools/bin/../lib/gcc/arm-none-eabi/10.3.1/thumb/v7e-m+fp/hard/crti.o
 .ARM.attributes
                0x000000000000001e       0x34 c:/st/stm32cubeide_1.10.0/stm32cubeide/plugins/com.st.stm32cube.ide.mcu.externaltools.gnu-tools-for-stm32.10.3-2021.10.win32_1.0.0.202111181127/tools/bin/../lib/gcc/arm-none-eabi/10.3.1/thumb/v7e-m+fp/hard/crtbegin.o
 .ARM.attributes
                0x0000000000000052       0x21 ./Application/Startup/startup_stm32f302r8tx.o
 .ARM.attributes
                0x0000000000000073       0x30 ./Application/User/dac_ui.o
 .ARM.attributes
                0x00000000000000a3       0x30 ./Application/User/main.o
 .ARM.attributes
                0x00000000000000d3       0x30 ./Application/User/mc_api.o
 .ARM.attributes
                0x0000000000000103       0x30 ./Application/User/mc_config.o
 .ARM.attributes
                0x0000000000000133       0x30 ./Application/User/mc_interface.o
 .ARM.attributes
                0x0000000000000163       0x30 ./Application/User/mc_math.o
 .ARM.attributes
                0x0000000000000193       0x30 ./Application/User/mc_parameters.o
 .ARM.attributes
                0x00000000000001c3       0x30 ./Application/User/mc_tasks.o
 .ARM.attributes
                0x00000000000001f3       0x30 ./Application/User/motor_control_protocol.o
 .ARM.attributes
                0x0000000000000223       0x30 ./Application/User/motorcontrol.o
 .ARM.attributes
                0x0000000000000253       0x30 ./Application/User/regular_conversion_manager.o
 .ARM.attributes
                0x0000000000000283       0x30 ./Application/User/stm32f30x_mc_it.o
 .ARM.attributes
                0x00000000000002b3       0x30 ./Application/User/stm32f3xx_hal_msp.o
 .ARM.attributes
                0x00000000000002e3       0x30 ./Application/User/sysmem.o
 .ARM.attributes
                0x0000000000000313       0x30 ./Application/User/ui_task.o
 .ARM.attributes
                0x0000000000000343       0x30 ./Application/User/user_interface.o
 .ARM.attributes
                0x0000000000000373       0x30 ./Drivers/CMSIS/system_stm32f3xx.o
 .ARM.attributes
                0x00000000000003a3       0x30 ./Drivers/STM32F3xx_HAL_Driver/stm32f3xx_hal.o
 .ARM.attributes
                0x00000000000003d3       0x30 ./Drivers/STM32F3xx_HAL_Driver/stm32f3xx_hal_adc_ex.o
 .ARM.attributes
                0x0000000000000403       0x30 ./Drivers/STM32F3xx_HAL_Driver/stm32f3xx_hal_cortex.o
 .ARM.attributes
                0x0000000000000433       0x30 ./Drivers/STM32F3xx_HAL_Driver/stm32f3xx_hal_dac.o
 .ARM.attributes
                0x0000000000000463       0x30 ./Drivers/STM32F3xx_HAL_Driver/stm32f3xx_hal_dac_ex.o
 .ARM.attributes
                0x0000000000000493       0x30 ./Drivers/STM32F3xx_HAL_Driver/stm32f3xx_hal_gpio.o
 .ARM.attributes
                0x00000000000004c3       0x30 ./Drivers/STM32F3xx_HAL_Driver/stm32f3xx_hal_rcc.o
 .ARM.attributes
                0x00000000000004f3       0x30 ./Drivers/STM32F3xx_HAL_Driver/stm32f3xx_hal_rcc_ex.o
 .ARM.attributes
                0x0000000000000523       0x30 ./Drivers/STM32F3xx_HAL_Driver/stm32f3xx_hal_tim.o
 .ARM.attributes
                0x0000000000000553       0x30 ./Drivers/STM32F3xx_HAL_Driver/stm32f3xx_hal_tim_ex.o
 .ARM.attributes
                0x0000000000000583       0x30 ./Drivers/STM32F3xx_HAL_Driver/stm32f3xx_hal_uart.o
 .ARM.attributes
                0x00000000000005b3       0x30 ./Middlewares/MotorControl/bus_voltage_sensor.o
 .ARM.attributes
                0x00000000000005e3       0x30 ./Middlewares/MotorControl/circle_limitation.o
 .ARM.attributes
                0x0000000000000613       0x30 ./Middlewares/MotorControl/dac_common_ui.o
 .ARM.attributes
                0x0000000000000643       0x30 ./Middlewares/MotorControl/frame_communication_protocol.o
 .ARM.attributes
                0x0000000000000673       0x30 ./Middlewares/MotorControl/hall_speed_pos_fdbk.o
 .ARM.attributes
                0x00000000000006a3       0x30 ./Middlewares/MotorControl/motor_power_measurement.o
 .ARM.attributes
                0x00000000000006d3       0x30 ./Middlewares/MotorControl/ntc_temperature_sensor.o
 .ARM.attributes
                0x0000000000000703       0x30 ./Middlewares/MotorControl/pid_regulator.o
 .ARM.attributes
                0x0000000000000733       0x30 ./Middlewares/MotorControl/pqd_motor_power_measurement.o
 .ARM.attributes
                0x0000000000000763       0x30 ./Middlewares/MotorControl/pwm_common.o
 .ARM.attributes
                0x0000000000000793       0x30 ./Middlewares/MotorControl/pwm_curr_fdbk.o
 .ARM.attributes
                0x00000000000007c3       0x30 ./Middlewares/MotorControl/r3_1_f30x_pwm_curr_fdbk.o
 .ARM.attributes
                0x00000000000007f3       0x30 ./Middlewares/MotorControl/r_divider_bus_voltage_sensor.o
 .ARM.attributes
                0x0000000000000823       0x30 ./Middlewares/MotorControl/ramp_ext_mngr.o
 .ARM.attributes
                0x0000000000000853       0x30 ./Middlewares/MotorControl/speed_pos_fdbk.o
 .ARM.attributes
                0x0000000000000883       0x30 ./Middlewares/MotorControl/speed_torq_ctrl.o
 .ARM.attributes